00:00 +0: loading /Users/sabyrhandarhan/develop/Python projects/ArchSet-R2/test/diary_page_repro_test.dart                                                                                             00:01 +0: loading /Users/sabyrhandarhan/develop/Python projects/ArchSet-R2/test/diary_page_repro_test.dart                                                                                             00:02 +0: loading /Users/sabyrhandarhan/develop/Python projects/ArchSet-R2/test/diary_page_repro_test.dart                                                                                             00:03 +0: loading /Users/sabyrhandarhan/develop/Python projects/ArchSet-R2/test/diary_page_repro_test.dart                                                                                             00:03 +0: DiaryEditPage handles Empty Image Path                                                                                                                                                       00:03 +0: DiaryEditPage handles Empty Image Path                                                                                                                                                       
══╡ EXCEPTION CAUGHT BY WIDGETS LIBRARY ╞═══════════════════════════════════════════════════════════
The following MissingFlutterQuillLocalizationException was thrown building
QuillToolbarToggleStyleButton(dirty, dependencies: [_LocalizationsScope-[GlobalKey#faf77]], state:
QuillToolbarToggleStyleButtonState#f410e):
UnimplementedError: FlutterQuillLocalizations instance is required and could not found.
Add the delegate `FlutterQuillLocalizations.delegate` to your widget app (e.g., MaterialApp) to fix.
If the issue continues, consider reporting a bug.
See https://github.com/singerdmx/flutter-quill/blob/master/doc/translation.md

The relevant error-causing widget was:
  QuillToolbarToggleStyleButton
  QuillToolbarToggleStyleButton:file:///Users/sabyrhandarhan/.pub-cache/hosted/pub.dev/flutter_quill-11.5.0/lib/src/toolbar/simple_toolbar.dart:89:13

When the exception was thrown, this was the stack:
#0      LocalizationsExt.loc (package:flutter_quill/src/l10n/extensions/localizations_ext.dart:21:10)
#1      QuillToolbarToggleStyleButtonState._defaultTooltipAndIconData (package:flutter_quill/src/toolbar/buttons/toggle_style_button.dart:52:25)
#2      QuillToolbarToggleStyleButtonState.defaultTooltip (package:flutter_quill/src/toolbar/buttons/toggle_style_button.dart:97:32)
#3      QuillToolbarCommonButtonState.tooltip (package:flutter_quill/src/toolbar/base_button/base_value_button.dart:40:53)
#4      QuillToolbarToggleStyleButtonState.build (package:flutter_quill/src/toolbar/buttons/toggle_style_button.dart:122:16)
#5      StatefulElement.build (package:flutter/src/widgets/framework.dart:5833:27)
#6      ComponentElement.performRebuild (package:flutter/src/widgets/framework.dart:5723:15)
#7      StatefulElement.performRebuild (package:flutter/src/widgets/framework.dart:5884:11)
#8      Element.rebuild (package:flutter/src/widgets/framework.dart:5435:7)
#9      ComponentElement._firstBuild (package:flutter/src/widgets/framework.dart:5705:5)
#10     StatefulElement._firstBuild (package:flutter/src/widgets/framework.dart:5875:11)
#11     ComponentElement.mount (package:flutter/src/widgets/framework.dart:5699:5)
#12     Element.inflateWidget (package:flutter/src/widgets/framework.dart:4548:16)
#13     MultiChildRenderObjectElement.inflateWidget (package:flutter/src/widgets/framework.dart:7169:36)
#14     MultiChildRenderObjectElement.mount (package:flutter/src/widgets/framework.dart:7185:32)
...     Normal element mounting (13 frames)
#27     Element.inflateWidget (package:flutter/src/widgets/framework.dart:4548:16)
#28     MultiChildRenderObjectElement.inflateWidget (package:flutter/src/widgets/framework.dart:7169:36)
#29     MultiChildRenderObjectElement.mount (package:flutter/src/widgets/framework.dart:7185:32)
...     Normal element mounting (40 frames)
#69     Element.inflateWidget (package:flutter/src/widgets/framework.dart:4548:16)
#70     MultiChildRenderObjectElement.inflateWidget (package:flutter/src/widgets/framework.dart:7169:36)
#71     MultiChildRenderObjectElement.mount (package:flutter/src/widgets/framework.dart:7185:32)
...     Normal element mounting (340 frames)
#411    Element.inflateWidget (package:flutter/src/widgets/framework.dart:4548:16)
#412    MultiChildRenderObjectElement.inflateWidget (package:flutter/src/widgets/framework.dart:7169:36)
#413    MultiChildRenderObjectElement.mount (package:flutter/src/widgets/framework.dart:7185:32)
...     Normal element mounting (471 frames)
#884    _UncontrolledProviderScopeElement.mount (package:flutter_riverpod/src/framework.dart:315:11)
...     Normal element mounting (9 frames)
#893    Element.inflateWidget (package:flutter/src/widgets/framework.dart:4548:16)
#894    Element.updateChild (package:flutter/src/widgets/framework.dart:3998:20)
#895    ComponentElement.performRebuild (package:flutter/src/widgets/framework.dart:5747:16)
#896    Element.rebuild (package:flutter/src/widgets/framework.dart:5435:7)
#897    ProxyElement.update (package:flutter/src/widgets/framework.dart:6051:5)
#898    _InheritedNotifierElement.update (package:flutter/src/widgets/inherited_notifier.dart:108:11)
#899    Element.updateChild (package:flutter/src/widgets/framework.dart:3982:15)
#900    ComponentElement.performRebuild (package:flutter/src/widgets/framework.dart:5747:16)
#901    StatefulElement.performRebuild (package:flutter/src/widgets/framework.dart:5884:11)
#902    Element.rebuild (package:flutter/src/widgets/framework.dart:5435:7)
#903    StatefulElement.update (package:flutter/src/widgets/framework.dart:5909:5)
#904    Element.updateChild (package:flutter/src/widgets/framework.dart:3982:15)
#905    ComponentElement.performRebuild (package:flutter/src/widgets/framework.dart:5747:16)
#906    Element.rebuild (package:flutter/src/widgets/framework.dart:5435:7)
#907    ProxyElement.update (package:flutter/src/widgets/framework.dart:6051:5)
#908    _InheritedNotifierElement.update (package:flutter/src/widgets/inherited_notifier.dart:108:11)
#909    Element.updateChild (package:flutter/src/widgets/framework.dart:3982:15)
#910    ComponentElement.performRebuild (package:flutter/src/widgets/framework.dart:5747:16)
#911    StatefulElement.performRebuild (package:flutter/src/widgets/framework.dart:5884:11)
#912    Element.rebuild (package:flutter/src/widgets/framework.dart:5435:7)
#913    StatefulElement.update (package:flutter/src/widgets/framework.dart:5909:5)
#914    Element.updateChild (package:flutter/src/widgets/framework.dart:3982:15)
#915    ComponentElement.performRebuild (package:flutter/src/widgets/framework.dart:5747:16)
#916    StatefulElement.performRebuild (package:flutter/src/widgets/framework.dart:5884:11)
#917    Element.rebuild (package:flutter/src/widgets/framework.dart:5435:7)
#918    StatefulElement.update (package:flutter/src/widgets/framework.dart:5909:5)
#919    Element.updateChild (package:flutter/src/widgets/framework.dart:3982:15)
#920    ComponentElement.performRebuild (package:flutter/src/widgets/framework.dart:5747:16)
#921    Element.rebuild (package:flutter/src/widgets/framework.dart:5435:7)
#922    ProxyElement.update (package:flutter/src/widgets/framework.dart:6051:5)
#923    Element.updateChild (package:flutter/src/widgets/framework.dart:3982:15)
#924    ComponentElement.performRebuild (package:flutter/src/widgets/framework.dart:5747:16)
#925    StatefulElement.performRebuild (package:flutter/src/widgets/framework.dart:5884:11)
#926    Element.rebuild (package:flutter/src/widgets/framework.dart:5435:7)
#927    StatefulElement.update (package:flutter/src/widgets/framework.dart:5909:5)
#928    Element.updateChild (package:flutter/src/widgets/framework.dart:3982:15)
#929    ComponentElement.performRebuild (package:flutter/src/widgets/framework.dart:5747:16)
#930    Element.rebuild (package:flutter/src/widgets/framework.dart:5435:7)
#931    ProxyElement.update (package:flutter/src/widgets/framework.dart:6051:5)
#932    Element.updateChild (package:flutter/src/widgets/framework.dart:3982:15)
#933    ComponentElement.performRebuild (package:flutter/src/widgets/framework.dart:5747:16)
#934    Element.rebuild (package:flutter/src/widgets/framework.dart:5435:7)
#935    ProxyElement.update (package:flutter/src/widgets/framework.dart:6051:5)
#936    Element.updateChild (package:flutter/src/widgets/framework.dart:3982:15)
#937    _RawViewElement._updateChild (package:flutter/src/widgets/view.dart:481:16)
#938    _RawViewElement.update (package:flutter/src/widgets/view.dart:568:5)
#939    Element.updateChild (package:flutter/src/widgets/framework.dart:3982:15)
#940    ComponentElement.performRebuild (package:flutter/src/widgets/framework.dart:5747:16)
#941    Element.rebuild (package:flutter/src/widgets/framework.dart:5435:7)
#942    StatelessElement.update (package:flutter/src/widgets/framework.dart:5797:5)
#943    Element.updateChild (package:flutter/src/widgets/framework.dart:3982:15)
#944    ComponentElement.performRebuild (package:flutter/src/widgets/framework.dart:5747:16)
#945    StatefulElement.performRebuild (package:flutter/src/widgets/framework.dart:5884:11)
#946    Element.rebuild (package:flutter/src/widgets/framework.dart:5435:7)
#947    StatefulElement.update (package:flutter/src/widgets/framework.dart:5909:5)
#948    Element.updateChild (package:flutter/src/widgets/framework.dart:3982:15)
#949    RootElement._rebuild (package:flutter/src/widgets/binding.dart:1716:16)
#950    RootElement.update (package:flutter/src/widgets/binding.dart:1694:5)
#951    RootElement.performRebuild (package:flutter/src/widgets/binding.dart:1708:7)
#952    Element.rebuild (package:flutter/src/widgets/framework.dart:5435:7)
#953    BuildScope._tryRebuild (package:flutter/src/widgets/framework.dart:2695:15)
#954    BuildScope._flushDirtyElements (package:flutter/src/widgets/framework.dart:2752:11)
#955    BuildOwner.buildScope (package:flutter/src/widgets/framework.dart:3056:18)
#956    AutomatedTestWidgetsFlutterBinding.drawFrame (package:flutter_test/src/binding.dart:1506:19)
#957    RendererBinding._handlePersistentFrameCallback (package:flutter/src/rendering/binding.dart:495:5)
#958    SchedulerBinding._invokeFrameCallback (package:flutter/src/scheduler/binding.dart:1434:15)
#959    SchedulerBinding.handleDrawFrame (package:flutter/src/scheduler/binding.dart:1347:9)
#960    AutomatedTestWidgetsFlutterBinding.pump.<anonymous closure> (package:flutter_test/src/binding.dart:1335:9)
#963    TestAsyncUtils.guard (package:flutter_test/src/test_async_utils.dart:74:41)
#964    AutomatedTestWidgetsFlutterBinding.pump (package:flutter_test/src/binding.dart:1324:27)
#965    WidgetTester.pumpWidget.<anonymous closure> (package:flutter_test/src/widget_tester.dart:598:22)
#968    TestAsyncUtils.guard (package:flutter_test/src/test_async_utils.dart:74:41)
#969    WidgetTester.pumpWidget (package:flutter_test/src/widget_tester.dart:595:27)
#970    main.<anonymous closure> (file:///Users/sabyrhandarhan/develop/Python%20projects/ArchSet-R2/test/diary_page_repro_test.dart:207:18)
#971    testWidgets.<anonymous closure>.<anonymous closure> (package:flutter_test/src/widget_tester.dart:192:29)
<asynchronous suspension>
#972    TestWidgetsFlutterBinding._runTestBody (package:flutter_test/src/binding.dart:1059:5)
<asynchronous suspension>
<asynchronous suspension>
(elided 5 frames from dart:async and package:stack_trace)

════════════════════════════════════════════════════════════════════════════════════════════════════
══╡ EXCEPTION CAUGHT BY WIDGETS LIBRARY ╞═══════════════════════════════════════════════════════════
The following MissingFlutterQuillLocalizationException was thrown building
QuillToolbarToggleStyleButton(dirty, dependencies: [_LocalizationsScope-[GlobalKey#faf77]], state:
QuillToolbarToggleStyleButtonState#962f3):
UnimplementedError: FlutterQuillLocalizations instance is required and could not found.
Add the delegate `FlutterQuillLocalizations.delegate` to your widget app (e.g., MaterialApp) to fix.
If the issue continues, consider reporting a bug.
See https://github.com/singerdmx/flutter-quill/blob/master/doc/translation.md

The relevant error-causing widget was:
  QuillToolbarToggleStyleButton
  QuillToolbarToggleStyleButton:file:///Users/sabyrhandarhan/.pub-cache/hosted/pub.dev/flutter_quill-11.5.0/lib/src/toolbar/simple_toolbar.dart:96:13

When the exception was thrown, this was the stack:
#0      LocalizationsExt.loc (package:flutter_quill/src/l10n/extensions/localizations_ext.dart:21:10)
#1      QuillToolbarToggleStyleButtonState._defaultTooltipAndIconData (package:flutter_quill/src/toolbar/buttons/toggle_style_button.dart:59:25)
#2      QuillToolbarToggleStyleButtonState.defaultTooltip (package:flutter_quill/src/toolbar/buttons/toggle_style_button.dart:97:32)
#3      QuillToolbarCommonButtonState.tooltip (package:flutter_quill/src/toolbar/base_button/base_value_button.dart:40:53)
#4      QuillToolbarToggleStyleButtonState.build (package:flutter_quill/src/toolbar/buttons/toggle_style_button.dart:122:16)
#5      StatefulElement.build (package:flutter/src/widgets/framework.dart:5833:27)
#6      ComponentElement.performRebuild (package:flutter/src/widgets/framework.dart:5723:15)
#7      StatefulElement.performRebuild (package:flutter/src/widgets/framework.dart:5884:11)
#8      Element.rebuild (package:flutter/src/widgets/framework.dart:5435:7)
#9      ComponentElement._firstBuild (package:flutter/src/widgets/framework.dart:5705:5)
#10     StatefulElement._firstBuild (package:flutter/src/widgets/framework.dart:5875:11)
#11     ComponentElement.mount (package:flutter/src/widgets/framework.dart:5699:5)
#12     Element.inflateWidget (package:flutter/src/widgets/framework.dart:4548:16)
#13     MultiChildRenderObjectElement.inflateWidget (package:flutter/src/widgets/framework.dart:7169:36)
#14     MultiChildRenderObjectElement.mount (package:flutter/src/widgets/framework.dart:7185:32)
...     Normal element mounting (13 frames)
#27     Element.inflateWidget (package:flutter/src/widgets/framework.dart:4548:16)
#28     MultiChildRenderObjectElement.inflateWidget (package:flutter/src/widgets/framework.dart:7169:36)
#29     MultiChildRenderObjectElement.mount (package:flutter/src/widgets/framework.dart:7185:32)
...     Normal element mounting (40 frames)
#69     Element.inflateWidget (package:flutter/src/widgets/framework.dart:4548:16)
#70     MultiChildRenderObjectElement.inflateWidget (package:flutter/src/widgets/framework.dart:7169:36)
#71     MultiChildRenderObjectElement.mount (package:flutter/src/widgets/framework.dart:7185:32)
...     Normal element mounting (340 frames)
#411    Element.inflateWidget (package:flutter/src/widgets/framework.dart:4548:16)
#412    MultiChildRenderObjectElement.inflateWidget (package:flutter/src/widgets/framework.dart:7169:36)
#413    MultiChildRenderObjectElement.mount (package:flutter/src/widgets/framework.dart:7185:32)
...     Normal element mounting (471 frames)
#884    _UncontrolledProviderScopeElement.mount (package:flutter_riverpod/src/framework.dart:315:11)
...     Normal element mounting (9 frames)
#893    Element.inflateWidget (package:flutter/src/widgets/framework.dart:4548:16)
#894    Element.updateChild (package:flutter/src/widgets/framework.dart:3998:20)
#895    ComponentElement.performRebuild (package:flutter/src/widgets/framework.dart:5747:16)
#896    Element.rebuild (package:flutter/src/widgets/framework.dart:5435:7)
#897    ProxyElement.update (package:flutter/src/widgets/framework.dart:6051:5)
#898    _InheritedNotifierElement.update (package:flutter/src/widgets/inherited_notifier.dart:108:11)
#899    Element.updateChild (package:flutter/src/widgets/framework.dart:3982:15)
#900    ComponentElement.performRebuild (package:flutter/src/widgets/framework.dart:5747:16)
#901    StatefulElement.performRebuild (package:flutter/src/widgets/framework.dart:5884:11)
#902    Element.rebuild (package:flutter/src/widgets/framework.dart:5435:7)
#903    StatefulElement.update (package:flutter/src/widgets/framework.dart:5909:5)
#904    Element.updateChild (package:flutter/src/widgets/framework.dart:3982:15)
#905    ComponentElement.performRebuild (package:flutter/src/widgets/framework.dart:5747:16)
#906    Element.rebuild (package:flutter/src/widgets/framework.dart:5435:7)
#907    ProxyElement.update (package:flutter/src/widgets/framework.dart:6051:5)
#908    _InheritedNotifierElement.update (package:flutter/src/widgets/inherited_notifier.dart:108:11)
#909    Element.updateChild (package:flutter/src/widgets/framework.dart:3982:15)
#910    ComponentElement.performRebuild (package:flutter/src/widgets/framework.dart:5747:16)
#911    StatefulElement.performRebuild (package:flutter/src/widgets/framework.dart:5884:11)
#912    Element.rebuild (package:flutter/src/widgets/framework.dart:5435:7)
#913    StatefulElement.update (package:flutter/src/widgets/framework.dart:5909:5)
#914    Element.updateChild (package:flutter/src/widgets/framework.dart:3982:15)
#915    ComponentElement.performRebuild (package:flutter/src/widgets/framework.dart:5747:16)
#916    StatefulElement.performRebuild (package:flutter/src/widgets/framework.dart:5884:11)
#917    Element.rebuild (package:flutter/src/widgets/framework.dart:5435:7)
#918    StatefulElement.update (package:flutter/src/widgets/framework.dart:5909:5)
#919    Element.updateChild (package:flutter/src/widgets/framework.dart:3982:15)
#920    ComponentElement.performRebuild (package:flutter/src/widgets/framework.dart:5747:16)
#921    Element.rebuild (package:flutter/src/widgets/framework.dart:5435:7)
#922    ProxyElement.update (package:flutter/src/widgets/framework.dart:6051:5)
#923    Element.updateChild (package:flutter/src/widgets/framework.dart:3982:15)
#924    ComponentElement.performRebuild (package:flutter/src/widgets/framework.dart:5747:16)
#925    StatefulElement.performRebuild (package:flutter/src/widgets/framework.dart:5884:11)
#926    Element.rebuild (package:flutter/src/widgets/framework.dart:5435:7)
#927    StatefulElement.update (package:flutter/src/widgets/framework.dart:5909:5)
#928    Element.updateChild (package:flutter/src/widgets/framework.dart:3982:15)
#929    ComponentElement.performRebuild (package:flutter/src/widgets/framework.dart:5747:16)
#930    Element.rebuild (package:flutter/src/widgets/framework.dart:5435:7)
#931    ProxyElement.update (package:flutter/src/widgets/framework.dart:6051:5)
#932    Element.updateChild (package:flutter/src/widgets/framework.dart:3982:15)
#933    ComponentElement.performRebuild (package:flutter/src/widgets/framework.dart:5747:16)
#934    Element.rebuild (package:flutter/src/widgets/framework.dart:5435:7)
#935    ProxyElement.update (package:flutter/src/widgets/framework.dart:6051:5)
#936    Element.updateChild (package:flutter/src/widgets/framework.dart:3982:15)
#937    _RawViewElement._updateChild (package:flutter/src/widgets/view.dart:481:16)
#938    _RawViewElement.update (package:flutter/src/widgets/view.dart:568:5)
#939    Element.updateChild (package:flutter/src/widgets/framework.dart:3982:15)
#940    ComponentElement.performRebuild (package:flutter/src/widgets/framework.dart:5747:16)
#941    Element.rebuild (package:flutter/src/widgets/framework.dart:5435:7)
#942    StatelessElement.update (package:flutter/src/widgets/framework.dart:5797:5)
#943    Element.updateChild (package:flutter/src/widgets/framework.dart:3982:15)
#944    ComponentElement.performRebuild (package:flutter/src/widgets/framework.dart:5747:16)
#945    StatefulElement.performRebuild (package:flutter/src/widgets/framework.dart:5884:11)
#946    Element.rebuild (package:flutter/src/widgets/framework.dart:5435:7)
#947    StatefulElement.update (package:flutter/src/widgets/framework.dart:5909:5)
#948    Element.updateChild (package:flutter/src/widgets/framework.dart:3982:15)
#949    RootElement._rebuild (package:flutter/src/widgets/binding.dart:1716:16)
#950    RootElement.update (package:flutter/src/widgets/binding.dart:1694:5)
#951    RootElement.performRebuild (package:flutter/src/widgets/binding.dart:1708:7)
#952    Element.rebuild (package:flutter/src/widgets/framework.dart:5435:7)
#953    BuildScope._tryRebuild (package:flutter/src/widgets/framework.dart:2695:15)
#954    BuildScope._flushDirtyElements (package:flutter/src/widgets/framework.dart:2752:11)
#955    BuildOwner.buildScope (package:flutter/src/widgets/framework.dart:3056:18)
#956    AutomatedTestWidgetsFlutterBinding.drawFrame (package:flutter_test/src/binding.dart:1506:19)
#957    RendererBinding._handlePersistentFrameCallback (package:flutter/src/rendering/binding.dart:495:5)
#958    SchedulerBinding._invokeFrameCallback (package:flutter/src/scheduler/binding.dart:1434:15)
#959    SchedulerBinding.handleDrawFrame (package:flutter/src/scheduler/binding.dart:1347:9)
#960    AutomatedTestWidgetsFlutterBinding.pump.<anonymous closure> (package:flutter_test/src/binding.dart:1335:9)
#963    TestAsyncUtils.guard (package:flutter_test/src/test_async_utils.dart:74:41)
#964    AutomatedTestWidgetsFlutterBinding.pump (package:flutter_test/src/binding.dart:1324:27)
#965    WidgetTester.pumpWidget.<anonymous closure> (package:flutter_test/src/widget_tester.dart:598:22)
#968    TestAsyncUtils.guard (package:flutter_test/src/test_async_utils.dart:74:41)
#969    WidgetTester.pumpWidget (package:flutter_test/src/widget_tester.dart:595:27)
#970    main.<anonymous closure> (file:///Users/sabyrhandarhan/develop/Python%20projects/ArchSet-R2/test/diary_page_repro_test.dart:207:18)
#971    testWidgets.<anonymous closure>.<anonymous closure> (package:flutter_test/src/widget_tester.dart:192:29)
<asynchronous suspension>
#972    TestWidgetsFlutterBinding._runTestBody (package:flutter_test/src/binding.dart:1059:5)
<asynchronous suspension>
<asynchronous suspension>
(elided 5 frames from dart:async and package:stack_trace)

════════════════════════════════════════════════════════════════════════════════════════════════════
══╡ EXCEPTION CAUGHT BY WIDGETS LIBRARY ╞═══════════════════════════════════════════════════════════
The following MissingFlutterQuillLocalizationException was thrown building
QuillToolbarToggleStyleButton(dirty, dependencies: [_LocalizationsScope-[GlobalKey#faf77]], state:
QuillToolbarToggleStyleButtonState#a65f4):
UnimplementedError: FlutterQuillLocalizations instance is required and could not found.
Add the delegate `FlutterQuillLocalizations.delegate` to your widget app (e.g., MaterialApp) to fix.
If the issue continues, consider reporting a bug.
See https://github.com/singerdmx/flutter-quill/blob/master/doc/translation.md

The relevant error-causing widget was:
  QuillToolbarToggleStyleButton
  QuillToolbarToggleStyleButton:file:///Users/sabyrhandarhan/.pub-cache/hosted/pub.dev/flutter_quill-11.5.0/lib/src/toolbar/simple_toolbar.dart:103:13

When the exception was thrown, this was the stack:
#0      LocalizationsExt.loc (package:flutter_quill/src/l10n/extensions/localizations_ext.dart:21:10)
#1      QuillToolbarToggleStyleButtonState._defaultTooltipAndIconData (package:flutter_quill/src/toolbar/buttons/toggle_style_button.dart:63:25)
#2      QuillToolbarToggleStyleButtonState.defaultTooltip (package:flutter_quill/src/toolbar/buttons/toggle_style_button.dart:97:32)
#3      QuillToolbarCommonButtonState.tooltip (package:flutter_quill/src/toolbar/base_button/base_value_button.dart:40:53)
#4      QuillToolbarToggleStyleButtonState.build (package:flutter_quill/src/toolbar/buttons/toggle_style_button.dart:122:16)
#5      StatefulElement.build (package:flutter/src/widgets/framework.dart:5833:27)
#6      ComponentElement.performRebuild (package:flutter/src/widgets/framework.dart:5723:15)
#7      StatefulElement.performRebuild (package:flutter/src/widgets/framework.dart:5884:11)
#8      Element.rebuild (package:flutter/src/widgets/framework.dart:5435:7)
#9      ComponentElement._firstBuild (package:flutter/src/widgets/framework.dart:5705:5)
#10     StatefulElement._firstBuild (package:flutter/src/widgets/framework.dart:5875:11)
#11     ComponentElement.mount (package:flutter/src/widgets/framework.dart:5699:5)
#12     Element.inflateWidget (package:flutter/src/widgets/framework.dart:4548:16)
#13     MultiChildRenderObjectElement.inflateWidget (package:flutter/src/widgets/framework.dart:7169:36)
#14     MultiChildRenderObjectElement.mount (package:flutter/src/widgets/framework.dart:7185:32)
...     Normal element mounting (13 frames)
#27     Element.inflateWidget (package:flutter/src/widgets/framework.dart:4548:16)
#28     MultiChildRenderObjectElement.inflateWidget (package:flutter/src/widgets/framework.dart:7169:36)
#29     MultiChildRenderObjectElement.mount (package:flutter/src/widgets/framework.dart:7185:32)
...     Normal element mounting (40 frames)
#69     Element.inflateWidget (package:flutter/src/widgets/framework.dart:4548:16)
#70     MultiChildRenderObjectElement.inflateWidget (package:flutter/src/widgets/framework.dart:7169:36)
#71     MultiChildRenderObjectElement.mount (package:flutter/src/widgets/framework.dart:7185:32)
...     Normal element mounting (340 frames)
#411    Element.inflateWidget (package:flutter/src/widgets/framework.dart:4548:16)
#412    MultiChildRenderObjectElement.inflateWidget (package:flutter/src/widgets/framework.dart:7169:36)
#413    MultiChildRenderObjectElement.mount (package:flutter/src/widgets/framework.dart:7185:32)
...     Normal element mounting (471 frames)
#884    _UncontrolledProviderScopeElement.mount (package:flutter_riverpod/src/framework.dart:315:11)
...     Normal element mounting (9 frames)
#893    Element.inflateWidget (package:flutter/src/widgets/framework.dart:4548:16)
#894    Element.updateChild (package:flutter/src/widgets/framework.dart:3998:20)
#895    ComponentElement.performRebuild (package:flutter/src/widgets/framework.dart:5747:16)
#896    Element.rebuild (package:flutter/src/widgets/framework.dart:5435:7)
#897    ProxyElement.update (package:flutter/src/widgets/framework.dart:6051:5)
#898    _InheritedNotifierElement.update (package:flutter/src/widgets/inherited_notifier.dart:108:11)
#899    Element.updateChild (package:flutter/src/widgets/framework.dart:3982:15)
#900    ComponentElement.performRebuild (package:flutter/src/widgets/framework.dart:5747:16)
#901    StatefulElement.performRebuild (package:flutter/src/widgets/framework.dart:5884:11)
#902    Element.rebuild (package:flutter/src/widgets/framework.dart:5435:7)
#903    StatefulElement.update (package:flutter/src/widgets/framework.dart:5909:5)
#904    Element.updateChild (package:flutter/src/widgets/framework.dart:3982:15)
#905    ComponentElement.performRebuild (package:flutter/src/widgets/framework.dart:5747:16)
#906    Element.rebuild (package:flutter/src/widgets/framework.dart:5435:7)
#907    ProxyElement.update (package:flutter/src/widgets/framework.dart:6051:5)
#908    _InheritedNotifierElement.update (package:flutter/src/widgets/inherited_notifier.dart:108:11)
#909    Element.updateChild (package:flutter/src/widgets/framework.dart:3982:15)
#910    ComponentElement.performRebuild (package:flutter/src/widgets/framework.dart:5747:16)
#911    StatefulElement.performRebuild (package:flutter/src/widgets/framework.dart:5884:11)
#912    Element.rebuild (package:flutter/src/widgets/framework.dart:5435:7)
#913    StatefulElement.update (package:flutter/src/widgets/framework.dart:5909:5)
#914    Element.updateChild (package:flutter/src/widgets/framework.dart:3982:15)
#915    ComponentElement.performRebuild (package:flutter/src/widgets/framework.dart:5747:16)
#916    StatefulElement.performRebuild (package:flutter/src/widgets/framework.dart:5884:11)
#917    Element.rebuild (package:flutter/src/widgets/framework.dart:5435:7)
#918    StatefulElement.update (package:flutter/src/widgets/framework.dart:5909:5)
#919    Element.updateChild (package:flutter/src/widgets/framework.dart:3982:15)
#920    ComponentElement.performRebuild (package:flutter/src/widgets/framework.dart:5747:16)
#921    Element.rebuild (package:flutter/src/widgets/framework.dart:5435:7)
#922    ProxyElement.update (package:flutter/src/widgets/framework.dart:6051:5)
#923    Element.updateChild (package:flutter/src/widgets/framework.dart:3982:15)
#924    ComponentElement.performRebuild (package:flutter/src/widgets/framework.dart:5747:16)
#925    StatefulElement.performRebuild (package:flutter/src/widgets/framework.dart:5884:11)
#926    Element.rebuild (package:flutter/src/widgets/framework.dart:5435:7)
#927    StatefulElement.update (package:flutter/src/widgets/framework.dart:5909:5)
#928    Element.updateChild (package:flutter/src/widgets/framework.dart:3982:15)
#929    ComponentElement.performRebuild (package:flutter/src/widgets/framework.dart:5747:16)
#930    Element.rebuild (package:flutter/src/widgets/framework.dart:5435:7)
#931    ProxyElement.update (package:flutter/src/widgets/framework.dart:6051:5)
#932    Element.updateChild (package:flutter/src/widgets/framework.dart:3982:15)
#933    ComponentElement.performRebuild (package:flutter/src/widgets/framework.dart:5747:16)
#934    Element.rebuild (package:flutter/src/widgets/framework.dart:5435:7)
#935    ProxyElement.update (package:flutter/src/widgets/framework.dart:6051:5)
#936    Element.updateChild (package:flutter/src/widgets/framework.dart:3982:15)
#937    _RawViewElement._updateChild (package:flutter/src/widgets/view.dart:481:16)
#938    _RawViewElement.update (package:flutter/src/widgets/view.dart:568:5)
#939    Element.updateChild (package:flutter/src/widgets/framework.dart:3982:15)
#940    ComponentElement.performRebuild (package:flutter/src/widgets/framework.dart:5747:16)
#941    Element.rebuild (package:flutter/src/widgets/framework.dart:5435:7)
#942    StatelessElement.update (package:flutter/src/widgets/framework.dart:5797:5)
#943    Element.updateChild (package:flutter/src/widgets/framework.dart:3982:15)
#944    ComponentElement.performRebuild (package:flutter/src/widgets/framework.dart:5747:16)
#945    StatefulElement.performRebuild (package:flutter/src/widgets/framework.dart:5884:11)
#946    Element.rebuild (package:flutter/src/widgets/framework.dart:5435:7)
#947    StatefulElement.update (package:flutter/src/widgets/framework.dart:5909:5)
#948    Element.updateChild (package:flutter/src/widgets/framework.dart:3982:15)
#949    RootElement._rebuild (package:flutter/src/widgets/binding.dart:1716:16)
#950    RootElement.update (package:flutter/src/widgets/binding.dart:1694:5)
#951    RootElement.performRebuild (package:flutter/src/widgets/binding.dart:1708:7)
#952    Element.rebuild (package:flutter/src/widgets/framework.dart:5435:7)
#953    BuildScope._tryRebuild (package:flutter/src/widgets/framework.dart:2695:15)
#954    BuildScope._flushDirtyElements (package:flutter/src/widgets/framework.dart:2752:11)
#955    BuildOwner.buildScope (package:flutter/src/widgets/framework.dart:3056:18)
#956    AutomatedTestWidgetsFlutterBinding.drawFrame (package:flutter_test/src/binding.dart:1506:19)
#957    RendererBinding._handlePersistentFrameCallback (package:flutter/src/rendering/binding.dart:495:5)
#958    SchedulerBinding._invokeFrameCallback (package:flutter/src/scheduler/binding.dart:1434:15)
#959    SchedulerBinding.handleDrawFrame (package:flutter/src/scheduler/binding.dart:1347:9)
#960    AutomatedTestWidgetsFlutterBinding.pump.<anonymous closure> (package:flutter_test/src/binding.dart:1335:9)
#963    TestAsyncUtils.guard (package:flutter_test/src/test_async_utils.dart:74:41)
#964    AutomatedTestWidgetsFlutterBinding.pump (package:flutter_test/src/binding.dart:1324:27)
#965    WidgetTester.pumpWidget.<anonymous closure> (package:flutter_test/src/widget_tester.dart:598:22)
#968    TestAsyncUtils.guard (package:flutter_test/src/test_async_utils.dart:74:41)
#969    WidgetTester.pumpWidget (package:flutter_test/src/widget_tester.dart:595:27)
#970    main.<anonymous closure> (file:///Users/sabyrhandarhan/develop/Python%20projects/ArchSet-R2/test/diary_page_repro_test.dart:207:18)
#971    testWidgets.<anonymous closure>.<anonymous closure> (package:flutter_test/src/widget_tester.dart:192:29)
<asynchronous suspension>
#972    TestWidgetsFlutterBinding._runTestBody (package:flutter_test/src/binding.dart:1059:5)
<asynchronous suspension>
<asynchronous suspension>
(elided 5 frames from dart:async and package:stack_trace)

════════════════════════════════════════════════════════════════════════════════════════════════════
══╡ EXCEPTION CAUGHT BY WIDGETS LIBRARY ╞═══════════════════════════════════════════════════════════
The following MissingFlutterQuillLocalizationException was thrown building
QuillToolbarToggleStyleButton(dirty, dependencies: [_LocalizationsScope-[GlobalKey#faf77]], state:
QuillToolbarToggleStyleButtonState#ec4d7):
UnimplementedError: FlutterQuillLocalizations instance is required and could not found.
Add the delegate `FlutterQuillLocalizations.delegate` to your widget app (e.g., MaterialApp) to fix.
If the issue continues, consider reporting a bug.
See https://github.com/singerdmx/flutter-quill/blob/master/doc/translation.md

The relevant error-causing widget was:
  QuillToolbarToggleStyleButton
  QuillToolbarToggleStyleButton:file:///Users/sabyrhandarhan/.pub-cache/hosted/pub.dev/flutter_quill-11.5.0/lib/src/toolbar/simple_toolbar.dart:110:13

When the exception was thrown, this was the stack:
#0      LocalizationsExt.loc (package:flutter_quill/src/l10n/extensions/localizations_ext.dart:21:10)
#1      QuillToolbarToggleStyleButtonState._defaultTooltipAndIconData (package:flutter_quill/src/toolbar/buttons/toggle_style_button.dart:65:25)
#2      QuillToolbarToggleStyleButtonState.defaultTooltip (package:flutter_quill/src/toolbar/buttons/toggle_style_button.dart:97:32)
#3      QuillToolbarCommonButtonState.tooltip (package:flutter_quill/src/toolbar/base_button/base_value_button.dart:40:53)
#4      QuillToolbarToggleStyleButtonState.build (package:flutter_quill/src/toolbar/buttons/toggle_style_button.dart:122:16)
#5      StatefulElement.build (package:flutter/src/widgets/framework.dart:5833:27)
#6      ComponentElement.performRebuild (package:flutter/src/widgets/framework.dart:5723:15)
#7      StatefulElement.performRebuild (package:flutter/src/widgets/framework.dart:5884:11)
#8      Element.rebuild (package:flutter/src/widgets/framework.dart:5435:7)
#9      ComponentElement._firstBuild (package:flutter/src/widgets/framework.dart:5705:5)
#10     StatefulElement._firstBuild (package:flutter/src/widgets/framework.dart:5875:11)
#11     ComponentElement.mount (package:flutter/src/widgets/framework.dart:5699:5)
#12     Element.inflateWidget (package:flutter/src/widgets/framework.dart:4548:16)
#13     MultiChildRenderObjectElement.inflateWidget (package:flutter/src/widgets/framework.dart:7169:36)
#14     MultiChildRenderObjectElement.mount (package:flutter/src/widgets/framework.dart:7185:32)
...     Normal element mounting (13 frames)
#27     Element.inflateWidget (package:flutter/src/widgets/framework.dart:4548:16)
#28     MultiChildRenderObjectElement.inflateWidget (package:flutter/src/widgets/framework.dart:7169:36)
#29     MultiChildRenderObjectElement.mount (package:flutter/src/widgets/framework.dart:7185:32)
...     Normal element mounting (40 frames)
#69     Element.inflateWidget (package:flutter/src/widgets/framework.dart:4548:16)
#70     MultiChildRenderObjectElement.inflateWidget (package:flutter/src/widgets/framework.dart:7169:36)
#71     MultiChildRenderObjectElement.mount (package:flutter/src/widgets/framework.dart:7185:32)
...     Normal element mounting (340 frames)
#411    Element.inflateWidget (package:flutter/src/widgets/framework.dart:4548:16)
#412    MultiChildRenderObjectElement.inflateWidget (package:flutter/src/widgets/framework.dart:7169:36)
#413    MultiChildRenderObjectElement.mount (package:flutter/src/widgets/framework.dart:7185:32)
...     Normal element mounting (471 frames)
#884    _UncontrolledProviderScopeElement.mount (package:flutter_riverpod/src/framework.dart:315:11)
...     Normal element mounting (9 frames)
#893    Element.inflateWidget (package:flutter/src/widgets/framework.dart:4548:16)
#894    Element.updateChild (package:flutter/src/widgets/framework.dart:3998:20)
#895    ComponentElement.performRebuild (package:flutter/src/widgets/framework.dart:5747:16)
#896    Element.rebuild (package:flutter/src/widgets/framework.dart:5435:7)
#897    ProxyElement.update (package:flutter/src/widgets/framework.dart:6051:5)
#898    _InheritedNotifierElement.update (package:flutter/src/widgets/inherited_notifier.dart:108:11)
#899    Element.updateChild (package:flutter/src/widgets/framework.dart:3982:15)
#900    ComponentElement.performRebuild (package:flutter/src/widgets/framework.dart:5747:16)
#901    StatefulElement.performRebuild (package:flutter/src/widgets/framework.dart:5884:11)
#902    Element.rebuild (package:flutter/src/widgets/framework.dart:5435:7)
#903    StatefulElement.update (package:flutter/src/widgets/framework.dart:5909:5)
#904    Element.updateChild (package:flutter/src/widgets/framework.dart:3982:15)
#905    ComponentElement.performRebuild (package:flutter/src/widgets/framework.dart:5747:16)
#906    Element.rebuild (package:flutter/src/widgets/framework.dart:5435:7)
#907    ProxyElement.update (package:flutter/src/widgets/framework.dart:6051:5)
#908    _InheritedNotifierElement.update (package:flutter/src/widgets/inherited_notifier.dart:108:11)
#909    Element.updateChild (package:flutter/src/widgets/framework.dart:3982:15)
#910    ComponentElement.performRebuild (package:flutter/src/widgets/framework.dart:5747:16)
#911    StatefulElement.performRebuild (package:flutter/src/widgets/framework.dart:5884:11)
#912    Element.rebuild (package:flutter/src/widgets/framework.dart:5435:7)
#913    StatefulElement.update (package:flutter/src/widgets/framework.dart:5909:5)
#914    Element.updateChild (package:flutter/src/widgets/framework.dart:3982:15)
#915    ComponentElement.performRebuild (package:flutter/src/widgets/framework.dart:5747:16)
#916    StatefulElement.performRebuild (package:flutter/src/widgets/framework.dart:5884:11)
#917    Element.rebuild (package:flutter/src/widgets/framework.dart:5435:7)
#918    StatefulElement.update (package:flutter/src/widgets/framework.dart:5909:5)
#919    Element.updateChild (package:flutter/src/widgets/framework.dart:3982:15)
#920    ComponentElement.performRebuild (package:flutter/src/widgets/framework.dart:5747:16)
#921    Element.rebuild (package:flutter/src/widgets/framework.dart:5435:7)
#922    ProxyElement.update (package:flutter/src/widgets/framework.dart:6051:5)
#923    Element.updateChild (package:flutter/src/widgets/framework.dart:3982:15)
#924    ComponentElement.performRebuild (package:flutter/src/widgets/framework.dart:5747:16)
#925    StatefulElement.performRebuild (package:flutter/src/widgets/framework.dart:5884:11)
#926    Element.rebuild (package:flutter/src/widgets/framework.dart:5435:7)
#927    StatefulElement.update (package:flutter/src/widgets/framework.dart:5909:5)
#928    Element.updateChild (package:flutter/src/widgets/framework.dart:3982:15)
#929    ComponentElement.performRebuild (package:flutter/src/widgets/framework.dart:5747:16)
#930    Element.rebuild (package:flutter/src/widgets/framework.dart:5435:7)
#931    ProxyElement.update (package:flutter/src/widgets/framework.dart:6051:5)
#932    Element.updateChild (package:flutter/src/widgets/framework.dart:3982:15)
#933    ComponentElement.performRebuild (package:flutter/src/widgets/framework.dart:5747:16)
#934    Element.rebuild (package:flutter/src/widgets/framework.dart:5435:7)
#935    ProxyElement.update (package:flutter/src/widgets/framework.dart:6051:5)
#936    Element.updateChild (package:flutter/src/widgets/framework.dart:3982:15)
#937    _RawViewElement._updateChild (package:flutter/src/widgets/view.dart:481:16)
#938    _RawViewElement.update (package:flutter/src/widgets/view.dart:568:5)
#939    Element.updateChild (package:flutter/src/widgets/framework.dart:3982:15)
#940    ComponentElement.performRebuild (package:flutter/src/widgets/framework.dart:5747:16)
#941    Element.rebuild (package:flutter/src/widgets/framework.dart:5435:7)
#942    StatelessElement.update (package:flutter/src/widgets/framework.dart:5797:5)
#943    Element.updateChild (package:flutter/src/widgets/framework.dart:3982:15)
#944    ComponentElement.performRebuild (package:flutter/src/widgets/framework.dart:5747:16)
#945    StatefulElement.performRebuild (package:flutter/src/widgets/framework.dart:5884:11)
#946    Element.rebuild (package:flutter/src/widgets/framework.dart:5435:7)
#947    StatefulElement.update (package:flutter/src/widgets/framework.dart:5909:5)
#948    Element.updateChild (package:flutter/src/widgets/framework.dart:3982:15)
#949    RootElement._rebuild (package:flutter/src/widgets/binding.dart:1716:16)
#950    RootElement.update (package:flutter/src/widgets/binding.dart:1694:5)
#951    RootElement.performRebuild (package:flutter/src/widgets/binding.dart:1708:7)
#952    Element.rebuild (package:flutter/src/widgets/framework.dart:5435:7)
#953    BuildScope._tryRebuild (package:flutter/src/widgets/framework.dart:2695:15)
#954    BuildScope._flushDirtyElements (package:flutter/src/widgets/framework.dart:2752:11)
#955    BuildOwner.buildScope (package:flutter/src/widgets/framework.dart:3056:18)
#956    AutomatedTestWidgetsFlutterBinding.drawFrame (package:flutter_test/src/binding.dart:1506:19)
#957    RendererBinding._handlePersistentFrameCallback (package:flutter/src/rendering/binding.dart:495:5)
#958    SchedulerBinding._invokeFrameCallback (package:flutter/src/scheduler/binding.dart:1434:15)
#959    SchedulerBinding.handleDrawFrame (package:flutter/src/scheduler/binding.dart:1347:9)
#960    AutomatedTestWidgetsFlutterBinding.pump.<anonymous closure> (package:flutter_test/src/binding.dart:1335:9)
#963    TestAsyncUtils.guard (package:flutter_test/src/test_async_utils.dart:74:41)
#964    AutomatedTestWidgetsFlutterBinding.pump (package:flutter_test/src/binding.dart:1324:27)
#965    WidgetTester.pumpWidget.<anonymous closure> (package:flutter_test/src/widget_tester.dart:598:22)
#968    TestAsyncUtils.guard (package:flutter_test/src/test_async_utils.dart:74:41)
#969    WidgetTester.pumpWidget (package:flutter_test/src/widget_tester.dart:595:27)
#970    main.<anonymous closure> (file:///Users/sabyrhandarhan/develop/Python%20projects/ArchSet-R2/test/diary_page_repro_test.dart:207:18)
#971    testWidgets.<anonymous closure>.<anonymous closure> (package:flutter_test/src/widget_tester.dart:192:29)
<asynchronous suspension>
#972    TestWidgetsFlutterBinding._runTestBody (package:flutter_test/src/binding.dart:1059:5)
<asynchronous suspension>
<asynchronous suspension>
(elided 5 frames from dart:async and package:stack_trace)

════════════════════════════════════════════════════════════════════════════════════════════════════
══╡ EXCEPTION CAUGHT BY WIDGETS LIBRARY ╞═══════════════════════════════════════════════════════════
The following MissingFlutterQuillLocalizationException was thrown building
QuillToolbarToggleStyleButton(dirty, dependencies: [_LocalizationsScope-[GlobalKey#faf77]], state:
QuillToolbarToggleStyleButtonState#d4bee):
UnimplementedError: FlutterQuillLocalizations instance is required and could not found.
Add the delegate `FlutterQuillLocalizations.delegate` to your widget app (e.g., MaterialApp) to fix.
If the issue continues, consider reporting a bug.
See https://github.com/singerdmx/flutter-quill/blob/master/doc/translation.md

The relevant error-causing widget was:
  QuillToolbarToggleStyleButton
  QuillToolbarToggleStyleButton:file:///Users/sabyrhandarhan/.pub-cache/hosted/pub.dev/flutter_quill-11.5.0/lib/src/toolbar/simple_toolbar.dart:117:13

When the exception was thrown, this was the stack:
#0      LocalizationsExt.loc (package:flutter_quill/src/l10n/extensions/localizations_ext.dart:21:10)
#1      QuillToolbarToggleStyleButtonState._defaultTooltipAndIconData (package:flutter_quill/src/toolbar/buttons/toggle_style_button.dart:67:25)
#2      QuillToolbarToggleStyleButtonState.defaultTooltip (package:flutter_quill/src/toolbar/buttons/toggle_style_button.dart:97:32)
#3      QuillToolbarCommonButtonState.tooltip (package:flutter_quill/src/toolbar/base_button/base_value_button.dart:40:53)
#4      QuillToolbarToggleStyleButtonState.build (package:flutter_quill/src/toolbar/buttons/toggle_style_button.dart:122:16)
#5      StatefulElement.build (package:flutter/src/widgets/framework.dart:5833:27)
#6      ComponentElement.performRebuild (package:flutter/src/widgets/framework.dart:5723:15)
#7      StatefulElement.performRebuild (package:flutter/src/widgets/framework.dart:5884:11)
#8      Element.rebuild (package:flutter/src/widgets/framework.dart:5435:7)
#9      ComponentElement._firstBuild (package:flutter/src/widgets/framework.dart:5705:5)
#10     StatefulElement._firstBuild (package:flutter/src/widgets/framework.dart:5875:11)
#11     ComponentElement.mount (package:flutter/src/widgets/framework.dart:5699:5)
#12     Element.inflateWidget (package:flutter/src/widgets/framework.dart:4548:16)
#13     MultiChildRenderObjectElement.inflateWidget (package:flutter/src/widgets/framework.dart:7169:36)
#14     MultiChildRenderObjectElement.mount (package:flutter/src/widgets/framework.dart:7185:32)
...     Normal element mounting (13 frames)
#27     Element.inflateWidget (package:flutter/src/widgets/framework.dart:4548:16)
#28     MultiChildRenderObjectElement.inflateWidget (package:flutter/src/widgets/framework.dart:7169:36)
#29     MultiChildRenderObjectElement.mount (package:flutter/src/widgets/framework.dart:7185:32)
...     Normal element mounting (40 frames)
#69     Element.inflateWidget (package:flutter/src/widgets/framework.dart:4548:16)
#70     MultiChildRenderObjectElement.inflateWidget (package:flutter/src/widgets/framework.dart:7169:36)
#71     MultiChildRenderObjectElement.mount (package:flutter/src/widgets/framework.dart:7185:32)
...     Normal element mounting (340 frames)
#411    Element.inflateWidget (package:flutter/src/widgets/framework.dart:4548:16)
#412    MultiChildRenderObjectElement.inflateWidget (package:flutter/src/widgets/framework.dart:7169:36)
#413    MultiChildRenderObjectElement.mount (package:flutter/src/widgets/framework.dart:7185:32)
...     Normal element mounting (471 frames)
#884    _UncontrolledProviderScopeElement.mount (package:flutter_riverpod/src/framework.dart:315:11)
...     Normal element mounting (9 frames)
#893    Element.inflateWidget (package:flutter/src/widgets/framework.dart:4548:16)
#894    Element.updateChild (package:flutter/src/widgets/framework.dart:3998:20)
#895    ComponentElement.performRebuild (package:flutter/src/widgets/framework.dart:5747:16)
#896    Element.rebuild (package:flutter/src/widgets/framework.dart:5435:7)
#897    ProxyElement.update (package:flutter/src/widgets/framework.dart:6051:5)
#898    _InheritedNotifierElement.update (package:flutter/src/widgets/inherited_notifier.dart:108:11)
#899    Element.updateChild (package:flutter/src/widgets/framework.dart:3982:15)
#900    ComponentElement.performRebuild (package:flutter/src/widgets/framework.dart:5747:16)
#901    StatefulElement.performRebuild (package:flutter/src/widgets/framework.dart:5884:11)
#902    Element.rebuild (package:flutter/src/widgets/framework.dart:5435:7)
#903    StatefulElement.update (package:flutter/src/widgets/framework.dart:5909:5)
#904    Element.updateChild (package:flutter/src/widgets/framework.dart:3982:15)
#905    ComponentElement.performRebuild (package:flutter/src/widgets/framework.dart:5747:16)
#906    Element.rebuild (package:flutter/src/widgets/framework.dart:5435:7)
#907    ProxyElement.update (package:flutter/src/widgets/framework.dart:6051:5)
#908    _InheritedNotifierElement.update (package:flutter/src/widgets/inherited_notifier.dart:108:11)
#909    Element.updateChild (package:flutter/src/widgets/framework.dart:3982:15)
#910    ComponentElement.performRebuild (package:flutter/src/widgets/framework.dart:5747:16)
#911    StatefulElement.performRebuild (package:flutter/src/widgets/framework.dart:5884:11)
#912    Element.rebuild (package:flutter/src/widgets/framework.dart:5435:7)
#913    StatefulElement.update (package:flutter/src/widgets/framework.dart:5909:5)
#914    Element.updateChild (package:flutter/src/widgets/framework.dart:3982:15)
#915    ComponentElement.performRebuild (package:flutter/src/widgets/framework.dart:5747:16)
#916    StatefulElement.performRebuild (package:flutter/src/widgets/framework.dart:5884:11)
#917    Element.rebuild (package:flutter/src/widgets/framework.dart:5435:7)
#918    StatefulElement.update (package:flutter/src/widgets/framework.dart:5909:5)
#919    Element.updateChild (package:flutter/src/widgets/framework.dart:3982:15)
#920    ComponentElement.performRebuild (package:flutter/src/widgets/framework.dart:5747:16)
#921    Element.rebuild (package:flutter/src/widgets/framework.dart:5435:7)
#922    ProxyElement.update (package:flutter/src/widgets/framework.dart:6051:5)
#923    Element.updateChild (package:flutter/src/widgets/framework.dart:3982:15)
#924    ComponentElement.performRebuild (package:flutter/src/widgets/framework.dart:5747:16)
#925    StatefulElement.performRebuild (package:flutter/src/widgets/framework.dart:5884:11)
#926    Element.rebuild (package:flutter/src/widgets/framework.dart:5435:7)
#927    StatefulElement.update (package:flutter/src/widgets/framework.dart:5909:5)
#928    Element.updateChild (package:flutter/src/widgets/framework.dart:3982:15)
#929    ComponentElement.performRebuild (package:flutter/src/widgets/framework.dart:5747:16)
#930    Element.rebuild (package:flutter/src/widgets/framework.dart:5435:7)
#931    ProxyElement.update (package:flutter/src/widgets/framework.dart:6051:5)
#932    Element.updateChild (package:flutter/src/widgets/framework.dart:3982:15)
#933    ComponentElement.performRebuild (package:flutter/src/widgets/framework.dart:5747:16)
#934    Element.rebuild (package:flutter/src/widgets/framework.dart:5435:7)
#935    ProxyElement.update (package:flutter/src/widgets/framework.dart:6051:5)
#936    Element.updateChild (package:flutter/src/widgets/framework.dart:3982:15)
#937    _RawViewElement._updateChild (package:flutter/src/widgets/view.dart:481:16)
#938    _RawViewElement.update (package:flutter/src/widgets/view.dart:568:5)
#939    Element.updateChild (package:flutter/src/widgets/framework.dart:3982:15)
#940    ComponentElement.performRebuild (package:flutter/src/widgets/framework.dart:5747:16)
#941    Element.rebuild (package:flutter/src/widgets/framework.dart:5435:7)
#942    StatelessElement.update (package:flutter/src/widgets/framework.dart:5797:5)
#943    Element.updateChild (package:flutter/src/widgets/framework.dart:3982:15)
#944    ComponentElement.performRebuild (package:flutter/src/widgets/framework.dart:5747:16)
#945    StatefulElement.performRebuild (package:flutter/src/widgets/framework.dart:5884:11)
#946    Element.rebuild (package:flutter/src/widgets/framework.dart:5435:7)
#947    StatefulElement.update (package:flutter/src/widgets/framework.dart:5909:5)
#948    Element.updateChild (package:flutter/src/widgets/framework.dart:3982:15)
#949    RootElement._rebuild (package:flutter/src/widgets/binding.dart:1716:16)
#950    RootElement.update (package:flutter/src/widgets/binding.dart:1694:5)
#951    RootElement.performRebuild (package:flutter/src/widgets/binding.dart:1708:7)
#952    Element.rebuild (package:flutter/src/widgets/framework.dart:5435:7)
#953    BuildScope._tryRebuild (package:flutter/src/widgets/framework.dart:2695:15)
#954    BuildScope._flushDirtyElements (package:flutter/src/widgets/framework.dart:2752:11)
#955    BuildOwner.buildScope (package:flutter/src/widgets/framework.dart:3056:18)
#956    AutomatedTestWidgetsFlutterBinding.drawFrame (package:flutter_test/src/binding.dart:1506:19)
#957    RendererBinding._handlePersistentFrameCallback (package:flutter/src/rendering/binding.dart:495:5)
#958    SchedulerBinding._invokeFrameCallback (package:flutter/src/scheduler/binding.dart:1434:15)
#959    SchedulerBinding.handleDrawFrame (package:flutter/src/scheduler/binding.dart:1347:9)
#960    AutomatedTestWidgetsFlutterBinding.pump.<anonymous closure> (package:flutter_test/src/binding.dart:1335:9)
#963    TestAsyncUtils.guard (package:flutter_test/src/test_async_utils.dart:74:41)
#964    AutomatedTestWidgetsFlutterBinding.pump (package:flutter_test/src/binding.dart:1324:27)
#965    WidgetTester.pumpWidget.<anonymous closure> (package:flutter_test/src/widget_tester.dart:598:22)
#968    TestAsyncUtils.guard (package:flutter_test/src/test_async_utils.dart:74:41)
#969    WidgetTester.pumpWidget (package:flutter_test/src/widget_tester.dart:595:27)
#970    main.<anonymous closure> (file:///Users/sabyrhandarhan/develop/Python%20projects/ArchSet-R2/test/diary_page_repro_test.dart:207:18)
#971    testWidgets.<anonymous closure>.<anonymous closure> (package:flutter_test/src/widget_tester.dart:192:29)
<asynchronous suspension>
#972    TestWidgetsFlutterBinding._runTestBody (package:flutter_test/src/binding.dart:1059:5)
<asynchronous suspension>
<asynchronous suspension>
(elided 5 frames from dart:async and package:stack_trace)

════════════════════════════════════════════════════════════════════════════════════════════════════
══╡ EXCEPTION CAUGHT BY WIDGETS LIBRARY ╞═══════════════════════════════════════════════════════════
The following MissingFlutterQuillLocalizationException was thrown building
QuillToolbarSelectHeaderStyleDropdownButton(dirty, dependencies:
[_LocalizationsScope-[GlobalKey#faf77]], state:
_QuillToolbarSelectHeaderStyleDropdownButtonState#15807):
UnimplementedError: FlutterQuillLocalizations instance is required and could not found.
Add the delegate `FlutterQuillLocalizations.delegate` to your widget app (e.g., MaterialApp) to fix.
If the issue continues, consider reporting a bug.
See https://github.com/singerdmx/flutter-quill/blob/master/doc/translation.md

The relevant error-causing widget was:
  QuillToolbarSelectHeaderStyleDropdownButton
  QuillToolbarSelectHeaderStyleDropdownButton:file:///Users/sabyrhandarhan/.pub-cache/hosted/pub.dev/flutter_quill-11.5.0/lib/src/toolbar/simple_toolbar.dart:206:15

When the exception was thrown, this was the stack:
#0      LocalizationsExt.loc (package:flutter_quill/src/l10n/extensions/localizations_ext.dart:21:10)
#1      _QuillToolbarSelectHeaderStyleDropdownButtonState._label (package:flutter_quill/src/toolbar/buttons/hearder_style/select_header_style_dropdown_button.dart:98:31)
#2      _QuillToolbarSelectHeaderStyleDropdownButtonState.build.<anonymous closure> (package:flutter_quill/src/toolbar/buttons/hearder_style/select_header_style_dropdown_button.dart:151:27)
#3      MappedListIterable.elementAt (dart:_internal/iterable.dart:442:31)
#4      ListIterator.moveNext (dart:_internal/iterable.dart:371:26)
#5      new _GrowableList._ofEfficientLengthIterable (dart:core-patch/growable_array.dart:194:27)
#6      new _GrowableList.of (dart:core-patch/growable_array.dart:154:28)
#7      new List.of (dart:core-patch/array_patch.dart:39:18)
#8      ListIterable.toList (dart:_internal/iterable.dart:224:7)
#9      _QuillToolbarSelectHeaderStyleDropdownButtonState.build (package:flutter_quill/src/toolbar/buttons/hearder_style/select_header_style_dropdown_button.dart:154:12)
#10     StatefulElement.build (package:flutter/src/widgets/framework.dart:5833:27)
#11     ComponentElement.performRebuild (package:flutter/src/widgets/framework.dart:5723:15)
#12     StatefulElement.performRebuild (package:flutter/src/widgets/framework.dart:5884:11)
#13     Element.rebuild (package:flutter/src/widgets/framework.dart:5435:7)
#14     ComponentElement._firstBuild (package:flutter/src/widgets/framework.dart:5705:5)
#15     StatefulElement._firstBuild (package:flutter/src/widgets/framework.dart:5875:11)
#16     ComponentElement.mount (package:flutter/src/widgets/framework.dart:5699:5)
#17     Element.inflateWidget (package:flutter/src/widgets/framework.dart:4548:16)
#18     MultiChildRenderObjectElement.inflateWidget (package:flutter/src/widgets/framework.dart:7169:36)
#19     MultiChildRenderObjectElement.mount (package:flutter/src/widgets/framework.dart:7185:32)
...     Normal element mounting (13 frames)
#32     Element.inflateWidget (package:flutter/src/widgets/framework.dart:4548:16)
#33     MultiChildRenderObjectElement.inflateWidget (package:flutter/src/widgets/framework.dart:7169:36)
#34     MultiChildRenderObjectElement.mount (package:flutter/src/widgets/framework.dart:7185:32)
...     Normal element mounting (40 frames)
#74     Element.inflateWidget (package:flutter/src/widgets/framework.dart:4548:16)
#75     MultiChildRenderObjectElement.inflateWidget (package:flutter/src/widgets/framework.dart:7169:36)
#76     MultiChildRenderObjectElement.mount (package:flutter/src/widgets/framework.dart:7185:32)
...     Normal element mounting (340 frames)
#416    Element.inflateWidget (package:flutter/src/widgets/framework.dart:4548:16)
#417    MultiChildRenderObjectElement.inflateWidget (package:flutter/src/widgets/framework.dart:7169:36)
#418    MultiChildRenderObjectElement.mount (package:flutter/src/widgets/framework.dart:7185:32)
...     Normal element mounting (471 frames)
#889    _UncontrolledProviderScopeElement.mount (package:flutter_riverpod/src/framework.dart:315:11)
...     Normal element mounting (9 frames)
#898    Element.inflateWidget (package:flutter/src/widgets/framework.dart:4548:16)
#899    Element.updateChild (package:flutter/src/widgets/framework.dart:3998:20)
#900    ComponentElement.performRebuild (package:flutter/src/widgets/framework.dart:5747:16)
#901    Element.rebuild (package:flutter/src/widgets/framework.dart:5435:7)
#902    ProxyElement.update (package:flutter/src/widgets/framework.dart:6051:5)
#903    _InheritedNotifierElement.update (package:flutter/src/widgets/inherited_notifier.dart:108:11)
#904    Element.updateChild (package:flutter/src/widgets/framework.dart:3982:15)
#905    ComponentElement.performRebuild (package:flutter/src/widgets/framework.dart:5747:16)
#906    StatefulElement.performRebuild (package:flutter/src/widgets/framework.dart:5884:11)
#907    Element.rebuild (package:flutter/src/widgets/framework.dart:5435:7)
#908    StatefulElement.update (package:flutter/src/widgets/framework.dart:5909:5)
#909    Element.updateChild (package:flutter/src/widgets/framework.dart:3982:15)
#910    ComponentElement.performRebuild (package:flutter/src/widgets/framework.dart:5747:16)
#911    Element.rebuild (package:flutter/src/widgets/framework.dart:5435:7)
#912    ProxyElement.update (package:flutter/src/widgets/framework.dart:6051:5)
#913    _InheritedNotifierElement.update (package:flutter/src/widgets/inherited_notifier.dart:108:11)
#914    Element.updateChild (package:flutter/src/widgets/framework.dart:3982:15)
#915    ComponentElement.performRebuild (package:flutter/src/widgets/framework.dart:5747:16)
#916    StatefulElement.performRebuild (package:flutter/src/widgets/framework.dart:5884:11)
#917    Element.rebuild (package:flutter/src/widgets/framework.dart:5435:7)
#918    StatefulElement.update (package:flutter/src/widgets/framework.dart:5909:5)
#919    Element.updateChild (package:flutter/src/widgets/framework.dart:3982:15)
#920    ComponentElement.performRebuild (package:flutter/src/widgets/framework.dart:5747:16)
#921    StatefulElement.performRebuild (package:flutter/src/widgets/framework.dart:5884:11)
#922    Element.rebuild (package:flutter/src/widgets/framework.dart:5435:7)
#923    StatefulElement.update (package:flutter/src/widgets/framework.dart:5909:5)
#924    Element.updateChild (package:flutter/src/widgets/framework.dart:3982:15)
#925    ComponentElement.performRebuild (package:flutter/src/widgets/framework.dart:5747:16)
#926    Element.rebuild (package:flutter/src/widgets/framework.dart:5435:7)
#927    ProxyElement.update (package:flutter/src/widgets/framework.dart:6051:5)
#928    Element.updateChild (package:flutter/src/widgets/framework.dart:3982:15)
#929    ComponentElement.performRebuild (package:flutter/src/widgets/framework.dart:5747:16)
#930    StatefulElement.performRebuild (package:flutter/src/widgets/framework.dart:5884:11)
#931    Element.rebuild (package:flutter/src/widgets/framework.dart:5435:7)
#932    StatefulElement.update (package:flutter/src/widgets/framework.dart:5909:5)
#933    Element.updateChild (package:flutter/src/widgets/framework.dart:3982:15)
#934    ComponentElement.performRebuild (package:flutter/src/widgets/framework.dart:5747:16)
#935    Element.rebuild (package:flutter/src/widgets/framework.dart:5435:7)
#936    ProxyElement.update (package:flutter/src/widgets/framework.dart:6051:5)
#937    Element.updateChild (package:flutter/src/widgets/framework.dart:3982:15)
#938    ComponentElement.performRebuild (package:flutter/src/widgets/framework.dart:5747:16)
#939    Element.rebuild (package:flutter/src/widgets/framework.dart:5435:7)
#940    ProxyElement.update (package:flutter/src/widgets/framework.dart:6051:5)
#941    Element.updateChild (package:flutter/src/widgets/framework.dart:3982:15)
#942    _RawViewElement._updateChild (package:flutter/src/widgets/view.dart:481:16)
#943    _RawViewElement.update (package:flutter/src/widgets/view.dart:568:5)
#944    Element.updateChild (package:flutter/src/widgets/framework.dart:3982:15)
#945    ComponentElement.performRebuild (package:flutter/src/widgets/framework.dart:5747:16)
#946    Element.rebuild (package:flutter/src/widgets/framework.dart:5435:7)
#947    StatelessElement.update (package:flutter/src/widgets/framework.dart:5797:5)
#948    Element.updateChild (package:flutter/src/widgets/framework.dart:3982:15)
#949    ComponentElement.performRebuild (package:flutter/src/widgets/framework.dart:5747:16)
#950    StatefulElement.performRebuild (package:flutter/src/widgets/framework.dart:5884:11)
#951    Element.rebuild (package:flutter/src/widgets/framework.dart:5435:7)
#952    StatefulElement.update (package:flutter/src/widgets/framework.dart:5909:5)
#953    Element.updateChild (package:flutter/src/widgets/framework.dart:3982:15)
#954    RootElement._rebuild (package:flutter/src/widgets/binding.dart:1716:16)
#955    RootElement.update (package:flutter/src/widgets/binding.dart:1694:5)
#956    RootElement.performRebuild (package:flutter/src/widgets/binding.dart:1708:7)
#957    Element.rebuild (package:flutter/src/widgets/framework.dart:5435:7)
#958    BuildScope._tryRebuild (package:flutter/src/widgets/framework.dart:2695:15)
#959    BuildScope._flushDirtyElements (package:flutter/src/widgets/framework.dart:2752:11)
#960    BuildOwner.buildScope (package:flutter/src/widgets/framework.dart:3056:18)
#961    AutomatedTestWidgetsFlutterBinding.drawFrame (package:flutter_test/src/binding.dart:1506:19)
#962    RendererBinding._handlePersistentFrameCallback (package:flutter/src/rendering/binding.dart:495:5)
#963    SchedulerBinding._invokeFrameCallback (package:flutter/src/scheduler/binding.dart:1434:15)
#964    SchedulerBinding.handleDrawFrame (package:flutter/src/scheduler/binding.dart:1347:9)
#965    AutomatedTestWidgetsFlutterBinding.pump.<anonymous closure> (package:flutter_test/src/binding.dart:1335:9)
#968    TestAsyncUtils.guard (package:flutter_test/src/test_async_utils.dart:74:41)
#969    AutomatedTestWidgetsFlutterBinding.pump (package:flutter_test/src/binding.dart:1324:27)
#970    WidgetTester.pumpWidget.<anonymous closure> (package:flutter_test/src/widget_tester.dart:598:22)
#973    TestAsyncUtils.guard (package:flutter_test/src/test_async_utils.dart:74:41)
#974    WidgetTester.pumpWidget (package:flutter_test/src/widget_tester.dart:595:27)
#975    main.<anonymous closure> (file:///Users/sabyrhandarhan/develop/Python%20projects/ArchSet-R2/test/diary_page_repro_test.dart:207:18)
#976    testWidgets.<anonymous closure>.<anonymous closure> (package:flutter_test/src/widget_tester.dart:192:29)
<asynchronous suspension>
#977    TestWidgetsFlutterBinding._runTestBody (package:flutter_test/src/binding.dart:1059:5)
<asynchronous suspension>
<asynchronous suspension>
(elided 5 frames from dart:async and package:stack_trace)

════════════════════════════════════════════════════════════════════════════════════════════════════
══╡ EXCEPTION CAUGHT BY WIDGETS LIBRARY ╞═══════════════════════════════════════════════════════════
The following MissingFlutterQuillLocalizationException was thrown building
QuillToolbarToggleStyleButton(dirty, dependencies: [_LocalizationsScope-[GlobalKey#faf77]], state:
QuillToolbarToggleStyleButtonState#b07b6):
UnimplementedError: FlutterQuillLocalizations instance is required and could not found.
Add the delegate `FlutterQuillLocalizations.delegate` to your widget app (e.g., MaterialApp) to fix.
If the issue continues, consider reporting a bug.
See https://github.com/singerdmx/flutter-quill/blob/master/doc/translation.md

The relevant error-causing widget was:
  QuillToolbarToggleStyleButton
  QuillToolbarToggleStyleButton:file:///Users/sabyrhandarhan/.pub-cache/hosted/pub.dev/flutter_quill-11.5.0/lib/src/toolbar/simple_toolbar.dart:221:13

When the exception was thrown, this was the stack:
#0      LocalizationsExt.loc (package:flutter_quill/src/l10n/extensions/localizations_ext.dart:21:10)
#1      QuillToolbarToggleStyleButtonState._defaultTooltipAndIconData (package:flutter_quill/src/toolbar/buttons/toggle_style_button.dart:74:25)
#2      QuillToolbarToggleStyleButtonState.defaultTooltip (package:flutter_quill/src/toolbar/buttons/toggle_style_button.dart:97:32)
#3      QuillToolbarCommonButtonState.tooltip (package:flutter_quill/src/toolbar/base_button/base_value_button.dart:40:53)
#4      QuillToolbarToggleStyleButtonState.build (package:flutter_quill/src/toolbar/buttons/toggle_style_button.dart:122:16)
#5      StatefulElement.build (package:flutter/src/widgets/framework.dart:5833:27)
#6      ComponentElement.performRebuild (package:flutter/src/widgets/framework.dart:5723:15)
#7      StatefulElement.performRebuild (package:flutter/src/widgets/framework.dart:5884:11)
#8      Element.rebuild (package:flutter/src/widgets/framework.dart:5435:7)
#9      ComponentElement._firstBuild (package:flutter/src/widgets/framework.dart:5705:5)
#10     StatefulElement._firstBuild (package:flutter/src/widgets/framework.dart:5875:11)
#11     ComponentElement.mount (package:flutter/src/widgets/framework.dart:5699:5)
#12     Element.inflateWidget (package:flutter/src/widgets/framework.dart:4548:16)
#13     MultiChildRenderObjectElement.inflateWidget (package:flutter/src/widgets/framework.dart:7169:36)
#14     MultiChildRenderObjectElement.mount (package:flutter/src/widgets/framework.dart:7185:32)
...     Normal element mounting (13 frames)
#27     Element.inflateWidget (package:flutter/src/widgets/framework.dart:4548:16)
#28     MultiChildRenderObjectElement.inflateWidget (package:flutter/src/widgets/framework.dart:7169:36)
#29     MultiChildRenderObjectElement.mount (package:flutter/src/widgets/framework.dart:7185:32)
...     Normal element mounting (40 frames)
#69     Element.inflateWidget (package:flutter/src/widgets/framework.dart:4548:16)
#70     MultiChildRenderObjectElement.inflateWidget (package:flutter/src/widgets/framework.dart:7169:36)
#71     MultiChildRenderObjectElement.mount (package:flutter/src/widgets/framework.dart:7185:32)
...     Normal element mounting (340 frames)
#411    Element.inflateWidget (package:flutter/src/widgets/framework.dart:4548:16)
#412    MultiChildRenderObjectElement.inflateWidget (package:flutter/src/widgets/framework.dart:7169:36)
#413    MultiChildRenderObjectElement.mount (package:flutter/src/widgets/framework.dart:7185:32)
...     Normal element mounting (471 frames)
#884    _UncontrolledProviderScopeElement.mount (package:flutter_riverpod/src/framework.dart:315:11)
...     Normal element mounting (9 frames)
#893    Element.inflateWidget (package:flutter/src/widgets/framework.dart:4548:16)
#894    Element.updateChild (package:flutter/src/widgets/framework.dart:3998:20)
#895    ComponentElement.performRebuild (package:flutter/src/widgets/framework.dart:5747:16)
#896    Element.rebuild (package:flutter/src/widgets/framework.dart:5435:7)
#897    ProxyElement.update (package:flutter/src/widgets/framework.dart:6051:5)
#898    _InheritedNotifierElement.update (package:flutter/src/widgets/inherited_notifier.dart:108:11)
#899    Element.updateChild (package:flutter/src/widgets/framework.dart:3982:15)
#900    ComponentElement.performRebuild (package:flutter/src/widgets/framework.dart:5747:16)
#901    StatefulElement.performRebuild (package:flutter/src/widgets/framework.dart:5884:11)
#902    Element.rebuild (package:flutter/src/widgets/framework.dart:5435:7)
#903    StatefulElement.update (package:flutter/src/widgets/framework.dart:5909:5)
#904    Element.updateChild (package:flutter/src/widgets/framework.dart:3982:15)
#905    ComponentElement.performRebuild (package:flutter/src/widgets/framework.dart:5747:16)
#906    Element.rebuild (package:flutter/src/widgets/framework.dart:5435:7)
#907    ProxyElement.update (package:flutter/src/widgets/framework.dart:6051:5)
#908    _InheritedNotifierElement.update (package:flutter/src/widgets/inherited_notifier.dart:108:11)
#909    Element.updateChild (package:flutter/src/widgets/framework.dart:3982:15)
#910    ComponentElement.performRebuild (package:flutter/src/widgets/framework.dart:5747:16)
#911    StatefulElement.performRebuild (package:flutter/src/widgets/framework.dart:5884:11)
#912    Element.rebuild (package:flutter/src/widgets/framework.dart:5435:7)
#913    StatefulElement.update (package:flutter/src/widgets/framework.dart:5909:5)
#914    Element.updateChild (package:flutter/src/widgets/framework.dart:3982:15)
#915    ComponentElement.performRebuild (package:flutter/src/widgets/framework.dart:5747:16)
#916    StatefulElement.performRebuild (package:flutter/src/widgets/framework.dart:5884:11)
#917    Element.rebuild (package:flutter/src/widgets/framework.dart:5435:7)
#918    StatefulElement.update (package:flutter/src/widgets/framework.dart:5909:5)
#919    Element.updateChild (package:flutter/src/widgets/framework.dart:3982:15)
#920    ComponentElement.performRebuild (package:flutter/src/widgets/framework.dart:5747:16)
#921    Element.rebuild (package:flutter/src/widgets/framework.dart:5435:7)
#922    ProxyElement.update (package:flutter/src/widgets/framework.dart:6051:5)
#923    Element.updateChild (package:flutter/src/widgets/framework.dart:3982:15)
#924    ComponentElement.performRebuild (package:flutter/src/widgets/framework.dart:5747:16)
#925    StatefulElement.performRebuild (package:flutter/src/widgets/framework.dart:5884:11)
#926    Element.rebuild (package:flutter/src/widgets/framework.dart:5435:7)
#927    StatefulElement.update (package:flutter/src/widgets/framework.dart:5909:5)
#928    Element.updateChild (package:flutter/src/widgets/framework.dart:3982:15)
#929    ComponentElement.performRebuild (package:flutter/src/widgets/framework.dart:5747:16)
#930    Element.rebuild (package:flutter/src/widgets/framework.dart:5435:7)
#931    ProxyElement.update (package:flutter/src/widgets/framework.dart:6051:5)
#932    Element.updateChild (package:flutter/src/widgets/framework.dart:3982:15)
#933    ComponentElement.performRebuild (package:flutter/src/widgets/framework.dart:5747:16)
#934    Element.rebuild (package:flutter/src/widgets/framework.dart:5435:7)
#935    ProxyElement.update (package:flutter/src/widgets/framework.dart:6051:5)
#936    Element.updateChild (package:flutter/src/widgets/framework.dart:3982:15)
#937    _RawViewElement._updateChild (package:flutter/src/widgets/view.dart:481:16)
#938    _RawViewElement.update (package:flutter/src/widgets/view.dart:568:5)
#939    Element.updateChild (package:flutter/src/widgets/framework.dart:3982:15)
#940    ComponentElement.performRebuild (package:flutter/src/widgets/framework.dart:5747:16)
#941    Element.rebuild (package:flutter/src/widgets/framework.dart:5435:7)
#942    StatelessElement.update (package:flutter/src/widgets/framework.dart:5797:5)
#943    Element.updateChild (package:flutter/src/widgets/framework.dart:3982:15)
#944    ComponentElement.performRebuild (package:flutter/src/widgets/framework.dart:5747:16)
#945    StatefulElement.performRebuild (package:flutter/src/widgets/framework.dart:5884:11)
#946    Element.rebuild (package:flutter/src/widgets/framework.dart:5435:7)
#947    StatefulElement.update (package:flutter/src/widgets/framework.dart:5909:5)
#948    Element.updateChild (package:flutter/src/widgets/framework.dart:3982:15)
#949    RootElement._rebuild (package:flutter/src/widgets/binding.dart:1716:16)
#950    RootElement.update (package:flutter/src/widgets/binding.dart:1694:5)
#951    RootElement.performRebuild (package:flutter/src/widgets/binding.dart:1708:7)
#952    Element.rebuild (package:flutter/src/widgets/framework.dart:5435:7)
#953    BuildScope._tryRebuild (package:flutter/src/widgets/framework.dart:2695:15)
#954    BuildScope._flushDirtyElements (package:flutter/src/widgets/framework.dart:2752:11)
#955    BuildOwner.buildScope (package:flutter/src/widgets/framework.dart:3056:18)
#956    AutomatedTestWidgetsFlutterBinding.drawFrame (package:flutter_test/src/binding.dart:1506:19)
#957    RendererBinding._handlePersistentFrameCallback (package:flutter/src/rendering/binding.dart:495:5)
#958    SchedulerBinding._invokeFrameCallback (package:flutter/src/scheduler/binding.dart:1434:15)
#959    SchedulerBinding.handleDrawFrame (package:flutter/src/scheduler/binding.dart:1347:9)
#960    AutomatedTestWidgetsFlutterBinding.pump.<anonymous closure> (package:flutter_test/src/binding.dart:1335:9)
#963    TestAsyncUtils.guard (package:flutter_test/src/test_async_utils.dart:74:41)
#964    AutomatedTestWidgetsFlutterBinding.pump (package:flutter_test/src/binding.dart:1324:27)
#965    WidgetTester.pumpWidget.<anonymous closure> (package:flutter_test/src/widget_tester.dart:598:22)
#968    TestAsyncUtils.guard (package:flutter_test/src/test_async_utils.dart:74:41)
#969    WidgetTester.pumpWidget (package:flutter_test/src/widget_tester.dart:595:27)
#970    main.<anonymous closure> (file:///Users/sabyrhandarhan/develop/Python%20projects/ArchSet-R2/test/diary_page_repro_test.dart:207:18)
#971    testWidgets.<anonymous closure>.<anonymous closure> (package:flutter_test/src/widget_tester.dart:192:29)
<asynchronous suspension>
#972    TestWidgetsFlutterBinding._runTestBody (package:flutter_test/src/binding.dart:1059:5)
<asynchronous suspension>
<asynchronous suspension>
(elided 5 frames from dart:async and package:stack_trace)

════════════════════════════════════════════════════════════════════════════════════════════════════
══╡ EXCEPTION CAUGHT BY WIDGETS LIBRARY ╞═══════════════════════════════════════════════════════════
The following MissingFlutterQuillLocalizationException was thrown building
QuillToolbarToggleStyleButton(dirty, dependencies: [_LocalizationsScope-[GlobalKey#faf77]], state:
QuillToolbarToggleStyleButtonState#e03d3):
UnimplementedError: FlutterQuillLocalizations instance is required and could not found.
Add the delegate `FlutterQuillLocalizations.delegate` to your widget app (e.g., MaterialApp) to fix.
If the issue continues, consider reporting a bug.
See https://github.com/singerdmx/flutter-quill/blob/master/doc/translation.md

The relevant error-causing widget was:
  QuillToolbarToggleStyleButton
  QuillToolbarToggleStyleButton:file:///Users/sabyrhandarhan/.pub-cache/hosted/pub.dev/flutter_quill-11.5.0/lib/src/toolbar/simple_toolbar.dart:228:13

When the exception was thrown, this was the stack:
#0      LocalizationsExt.loc (package:flutter_quill/src/l10n/extensions/localizations_ext.dart:21:10)
#1      QuillToolbarToggleStyleButtonState._defaultTooltipAndIconData (package:flutter_quill/src/toolbar/buttons/toggle_style_button.dart:72:27)
#2      QuillToolbarToggleStyleButtonState.defaultTooltip (package:flutter_quill/src/toolbar/buttons/toggle_style_button.dart:97:32)
#3      QuillToolbarCommonButtonState.tooltip (package:flutter_quill/src/toolbar/base_button/base_value_button.dart:40:53)
#4      QuillToolbarToggleStyleButtonState.build (package:flutter_quill/src/toolbar/buttons/toggle_style_button.dart:122:16)
#5      StatefulElement.build (package:flutter/src/widgets/framework.dart:5833:27)
#6      ComponentElement.performRebuild (package:flutter/src/widgets/framework.dart:5723:15)
#7      StatefulElement.performRebuild (package:flutter/src/widgets/framework.dart:5884:11)
#8      Element.rebuild (package:flutter/src/widgets/framework.dart:5435:7)
#9      ComponentElement._firstBuild (package:flutter/src/widgets/framework.dart:5705:5)
#10     StatefulElement._firstBuild (package:flutter/src/widgets/framework.dart:5875:11)
#11     ComponentElement.mount (package:flutter/src/widgets/framework.dart:5699:5)
#12     Element.inflateWidget (package:flutter/src/widgets/framework.dart:4548:16)
#13     MultiChildRenderObjectElement.inflateWidget (package:flutter/src/widgets/framework.dart:7169:36)
#14     MultiChildRenderObjectElement.mount (package:flutter/src/widgets/framework.dart:7185:32)
...     Normal element mounting (13 frames)
#27     Element.inflateWidget (package:flutter/src/widgets/framework.dart:4548:16)
#28     MultiChildRenderObjectElement.inflateWidget (package:flutter/src/widgets/framework.dart:7169:36)
#29     MultiChildRenderObjectElement.mount (package:flutter/src/widgets/framework.dart:7185:32)
...     Normal element mounting (40 frames)
#69     Element.inflateWidget (package:flutter/src/widgets/framework.dart:4548:16)
#70     MultiChildRenderObjectElement.inflateWidget (package:flutter/src/widgets/framework.dart:7169:36)
#71     MultiChildRenderObjectElement.mount (package:flutter/src/widgets/framework.dart:7185:32)
...     Normal element mounting (340 frames)
#411    Element.inflateWidget (package:flutter/src/widgets/framework.dart:4548:16)
#412    MultiChildRenderObjectElement.inflateWidget (package:flutter/src/widgets/framework.dart:7169:36)
#413    MultiChildRenderObjectElement.mount (package:flutter/src/widgets/framework.dart:7185:32)
...     Normal element mounting (471 frames)
#884    _UncontrolledProviderScopeElement.mount (package:flutter_riverpod/src/framework.dart:315:11)
...     Normal element mounting (9 frames)
#893    Element.inflateWidget (package:flutter/src/widgets/framework.dart:4548:16)
#894    Element.updateChild (package:flutter/src/widgets/framework.dart:3998:20)
#895    ComponentElement.performRebuild (package:flutter/src/widgets/framework.dart:5747:16)
#896    Element.rebuild (package:flutter/src/widgets/framework.dart:5435:7)
#897    ProxyElement.update (package:flutter/src/widgets/framework.dart:6051:5)
#898    _InheritedNotifierElement.update (package:flutter/src/widgets/inherited_notifier.dart:108:11)
#899    Element.updateChild (package:flutter/src/widgets/framework.dart:3982:15)
#900    ComponentElement.performRebuild (package:flutter/src/widgets/framework.dart:5747:16)
#901    StatefulElement.performRebuild (package:flutter/src/widgets/framework.dart:5884:11)
#902    Element.rebuild (package:flutter/src/widgets/framework.dart:5435:7)
#903    StatefulElement.update (package:flutter/src/widgets/framework.dart:5909:5)
#904    Element.updateChild (package:flutter/src/widgets/framework.dart:3982:15)
#905    ComponentElement.performRebuild (package:flutter/src/widgets/framework.dart:5747:16)
#906    Element.rebuild (package:flutter/src/widgets/framework.dart:5435:7)
#907    ProxyElement.update (package:flutter/src/widgets/framework.dart:6051:5)
#908    _InheritedNotifierElement.update (package:flutter/src/widgets/inherited_notifier.dart:108:11)
#909    Element.updateChild (package:flutter/src/widgets/framework.dart:3982:15)
#910    ComponentElement.performRebuild (package:flutter/src/widgets/framework.dart:5747:16)
#911    StatefulElement.performRebuild (package:flutter/src/widgets/framework.dart:5884:11)
#912    Element.rebuild (package:flutter/src/widgets/framework.dart:5435:7)
#913    StatefulElement.update (package:flutter/src/widgets/framework.dart:5909:5)
#914    Element.updateChild (package:flutter/src/widgets/framework.dart:3982:15)
#915    ComponentElement.performRebuild (package:flutter/src/widgets/framework.dart:5747:16)
#916    StatefulElement.performRebuild (package:flutter/src/widgets/framework.dart:5884:11)
#917    Element.rebuild (package:flutter/src/widgets/framework.dart:5435:7)
#918    StatefulElement.update (package:flutter/src/widgets/framework.dart:5909:5)
#919    Element.updateChild (package:flutter/src/widgets/framework.dart:3982:15)
#920    ComponentElement.performRebuild (package:flutter/src/widgets/framework.dart:5747:16)
#921    Element.rebuild (package:flutter/src/widgets/framework.dart:5435:7)
#922    ProxyElement.update (package:flutter/src/widgets/framework.dart:6051:5)
#923    Element.updateChild (package:flutter/src/widgets/framework.dart:3982:15)
#924    ComponentElement.performRebuild (package:flutter/src/widgets/framework.dart:5747:16)
#925    StatefulElement.performRebuild (package:flutter/src/widgets/framework.dart:5884:11)
#926    Element.rebuild (package:flutter/src/widgets/framework.dart:5435:7)
#927    StatefulElement.update (package:flutter/src/widgets/framework.dart:5909:5)
#928    Element.updateChild (package:flutter/src/widgets/framework.dart:3982:15)
#929    ComponentElement.performRebuild (package:flutter/src/widgets/framework.dart:5747:16)
#930    Element.rebuild (package:flutter/src/widgets/framework.dart:5435:7)
#931    ProxyElement.update (package:flutter/src/widgets/framework.dart:6051:5)
#932    Element.updateChild (package:flutter/src/widgets/framework.dart:3982:15)
#933    ComponentElement.performRebuild (package:flutter/src/widgets/framework.dart:5747:16)
#934    Element.rebuild (package:flutter/src/widgets/framework.dart:5435:7)
#935    ProxyElement.update (package:flutter/src/widgets/framework.dart:6051:5)
#936    Element.updateChild (package:flutter/src/widgets/framework.dart:3982:15)
#937    _RawViewElement._updateChild (package:flutter/src/widgets/view.dart:481:16)
#938    _RawViewElement.update (package:flutter/src/widgets/view.dart:568:5)
#939    Element.updateChild (package:flutter/src/widgets/framework.dart:3982:15)
#940    ComponentElement.performRebuild (package:flutter/src/widgets/framework.dart:5747:16)
#941    Element.rebuild (package:flutter/src/widgets/framework.dart:5435:7)
#942    StatelessElement.update (package:flutter/src/widgets/framework.dart:5797:5)
#943    Element.updateChild (package:flutter/src/widgets/framework.dart:3982:15)
#944    ComponentElement.performRebuild (package:flutter/src/widgets/framework.dart:5747:16)
#945    StatefulElement.performRebuild (package:flutter/src/widgets/framework.dart:5884:11)
#946    Element.rebuild (package:flutter/src/widgets/framework.dart:5435:7)
#947    StatefulElement.update (package:flutter/src/widgets/framework.dart:5909:5)
#948    Element.updateChild (package:flutter/src/widgets/framework.dart:3982:15)
#949    RootElement._rebuild (package:flutter/src/widgets/binding.dart:1716:16)
#950    RootElement.update (package:flutter/src/widgets/binding.dart:1694:5)
#951    RootElement.performRebuild (package:flutter/src/widgets/binding.dart:1708:7)
#952    Element.rebuild (package:flutter/src/widgets/framework.dart:5435:7)
#953    BuildScope._tryRebuild (package:flutter/src/widgets/framework.dart:2695:15)
#954    BuildScope._flushDirtyElements (package:flutter/src/widgets/framework.dart:2752:11)
#955    BuildOwner.buildScope (package:flutter/src/widgets/framework.dart:3056:18)
#956    AutomatedTestWidgetsFlutterBinding.drawFrame (package:flutter_test/src/binding.dart:1506:19)
#957    RendererBinding._handlePersistentFrameCallback (package:flutter/src/rendering/binding.dart:495:5)
#958    SchedulerBinding._invokeFrameCallback (package:flutter/src/scheduler/binding.dart:1434:15)
#959    SchedulerBinding.handleDrawFrame (package:flutter/src/scheduler/binding.dart:1347:9)
#960    AutomatedTestWidgetsFlutterBinding.pump.<anonymous closure> (package:flutter_test/src/binding.dart:1335:9)
#963    TestAsyncUtils.guard (package:flutter_test/src/test_async_utils.dart:74:41)
#964    AutomatedTestWidgetsFlutterBinding.pump (package:flutter_test/src/binding.dart:1324:27)
#965    WidgetTester.pumpWidget.<anonymous closure> (package:flutter_test/src/widget_tester.dart:598:22)
#968    TestAsyncUtils.guard (package:flutter_test/src/test_async_utils.dart:74:41)
#969    WidgetTester.pumpWidget (package:flutter_test/src/widget_tester.dart:595:27)
#970    main.<anonymous closure> (file:///Users/sabyrhandarhan/develop/Python%20projects/ArchSet-R2/test/diary_page_repro_test.dart:207:18)
#971    testWidgets.<anonymous closure>.<anonymous closure> (package:flutter_test/src/widget_tester.dart:192:29)
<asynchronous suspension>
#972    TestWidgetsFlutterBinding._runTestBody (package:flutter_test/src/binding.dart:1059:5)
<asynchronous suspension>
<asynchronous suspension>
(elided 5 frames from dart:async and package:stack_trace)

════════════════════════════════════════════════════════════════════════════════════════════════════
══╡ EXCEPTION CAUGHT BY WIDGETS LIBRARY ╞═══════════════════════════════════════════════════════════
The following MissingFlutterQuillLocalizationException was thrown building
QuillToolbarToggleCheckListButton(dirty, dependencies: [_LocalizationsScope-[GlobalKey#faf77]],
state: QuillToolbarToggleCheckListButtonState#35eda):
UnimplementedError: FlutterQuillLocalizations instance is required and could not found.
Add the delegate `FlutterQuillLocalizations.delegate` to your widget app (e.g., MaterialApp) to fix.
If the issue continues, consider reporting a bug.
See https://github.com/singerdmx/flutter-quill/blob/master/doc/translation.md

The relevant error-causing widget was:
  QuillToolbarToggleCheckListButton
  QuillToolbarToggleCheckListButton:file:///Users/sabyrhandarhan/.pub-cache/hosted/pub.dev/flutter_quill-11.5.0/lib/src/toolbar/simple_toolbar.dart:235:13

When the exception was thrown, this was the stack:
#0      LocalizationsExt.loc (package:flutter_quill/src/l10n/extensions/localizations_ext.dart:21:10)
#1      QuillToolbarToggleCheckListButtonState.defaultTooltip (package:flutter_quill/src/toolbar/buttons/toggle_check_list_button.dart:58:40)
#2      QuillToolbarCommonButtonState.tooltip (package:flutter_quill/src/toolbar/base_button/base_value_button.dart:40:53)
#3      QuillToolbarToggleCheckListButtonState.build (package:flutter_quill/src/toolbar/buttons/toggle_check_list_button.dart:81:16)
#4      StatefulElement.build (package:flutter/src/widgets/framework.dart:5833:27)
#5      ComponentElement.performRebuild (package:flutter/src/widgets/framework.dart:5723:15)
#6      StatefulElement.performRebuild (package:flutter/src/widgets/framework.dart:5884:11)
#7      Element.rebuild (package:flutter/src/widgets/framework.dart:5435:7)
#8      ComponentElement._firstBuild (package:flutter/src/widgets/framework.dart:5705:5)
#9      StatefulElement._firstBuild (package:flutter/src/widgets/framework.dart:5875:11)
#10     ComponentElement.mount (package:flutter/src/widgets/framework.dart:5699:5)
#11     Element.inflateWidget (package:flutter/src/widgets/framework.dart:4548:16)
#12     MultiChildRenderObjectElement.inflateWidget (package:flutter/src/widgets/framework.dart:7169:36)
#13     MultiChildRenderObjectElement.mount (package:flutter/src/widgets/framework.dart:7185:32)
...     Normal element mounting (13 frames)
#26     Element.inflateWidget (package:flutter/src/widgets/framework.dart:4548:16)
#27     MultiChildRenderObjectElement.inflateWidget (package:flutter/src/widgets/framework.dart:7169:36)
#28     MultiChildRenderObjectElement.mount (package:flutter/src/widgets/framework.dart:7185:32)
...     Normal element mounting (40 frames)
#68     Element.inflateWidget (package:flutter/src/widgets/framework.dart:4548:16)
#69     MultiChildRenderObjectElement.inflateWidget (package:flutter/src/widgets/framework.dart:7169:36)
#70     MultiChildRenderObjectElement.mount (package:flutter/src/widgets/framework.dart:7185:32)
...     Normal element mounting (340 frames)
#410    Element.inflateWidget (package:flutter/src/widgets/framework.dart:4548:16)
#411    MultiChildRenderObjectElement.inflateWidget (package:flutter/src/widgets/framework.dart:7169:36)
#412    MultiChildRenderObjectElement.mount (package:flutter/src/widgets/framework.dart:7185:32)
...     Normal element mounting (471 frames)
#883    _UncontrolledProviderScopeElement.mount (package:flutter_riverpod/src/framework.dart:315:11)
...     Normal element mounting (9 frames)
#892    Element.inflateWidget (package:flutter/src/widgets/framework.dart:4548:16)
#893    Element.updateChild (package:flutter/src/widgets/framework.dart:3998:20)
#894    ComponentElement.performRebuild (package:flutter/src/widgets/framework.dart:5747:16)
#895    Element.rebuild (package:flutter/src/widgets/framework.dart:5435:7)
#896    ProxyElement.update (package:flutter/src/widgets/framework.dart:6051:5)
#897    _InheritedNotifierElement.update (package:flutter/src/widgets/inherited_notifier.dart:108:11)
#898    Element.updateChild (package:flutter/src/widgets/framework.dart:3982:15)
#899    ComponentElement.performRebuild (package:flutter/src/widgets/framework.dart:5747:16)
#900    StatefulElement.performRebuild (package:flutter/src/widgets/framework.dart:5884:11)
#901    Element.rebuild (package:flutter/src/widgets/framework.dart:5435:7)
#902    StatefulElement.update (package:flutter/src/widgets/framework.dart:5909:5)
#903    Element.updateChild (package:flutter/src/widgets/framework.dart:3982:15)
#904    ComponentElement.performRebuild (package:flutter/src/widgets/framework.dart:5747:16)
#905    Element.rebuild (package:flutter/src/widgets/framework.dart:5435:7)
#906    ProxyElement.update (package:flutter/src/widgets/framework.dart:6051:5)
#907    _InheritedNotifierElement.update (package:flutter/src/widgets/inherited_notifier.dart:108:11)
#908    Element.updateChild (package:flutter/src/widgets/framework.dart:3982:15)
#909    ComponentElement.performRebuild (package:flutter/src/widgets/framework.dart:5747:16)
#910    StatefulElement.performRebuild (package:flutter/src/widgets/framework.dart:5884:11)
#911    Element.rebuild (package:flutter/src/widgets/framework.dart:5435:7)
#912    StatefulElement.update (package:flutter/src/widgets/framework.dart:5909:5)
#913    Element.updateChild (package:flutter/src/widgets/framework.dart:3982:15)
#914    ComponentElement.performRebuild (package:flutter/src/widgets/framework.dart:5747:16)
#915    StatefulElement.performRebuild (package:flutter/src/widgets/framework.dart:5884:11)
#916    Element.rebuild (package:flutter/src/widgets/framework.dart:5435:7)
#917    StatefulElement.update (package:flutter/src/widgets/framework.dart:5909:5)
#918    Element.updateChild (package:flutter/src/widgets/framework.dart:3982:15)
#919    ComponentElement.performRebuild (package:flutter/src/widgets/framework.dart:5747:16)
#920    Element.rebuild (package:flutter/src/widgets/framework.dart:5435:7)
#921    ProxyElement.update (package:flutter/src/widgets/framework.dart:6051:5)
#922    Element.updateChild (package:flutter/src/widgets/framework.dart:3982:15)
#923    ComponentElement.performRebuild (package:flutter/src/widgets/framework.dart:5747:16)
#924    StatefulElement.performRebuild (package:flutter/src/widgets/framework.dart:5884:11)
#925    Element.rebuild (package:flutter/src/widgets/framework.dart:5435:7)
#926    StatefulElement.update (package:flutter/src/widgets/framework.dart:5909:5)
#927    Element.updateChild (package:flutter/src/widgets/framework.dart:3982:15)
#928    ComponentElement.performRebuild (package:flutter/src/widgets/framework.dart:5747:16)
#929    Element.rebuild (package:flutter/src/widgets/framework.dart:5435:7)
#930    ProxyElement.update (package:flutter/src/widgets/framework.dart:6051:5)
#931    Element.updateChild (package:flutter/src/widgets/framework.dart:3982:15)
#932    ComponentElement.performRebuild (package:flutter/src/widgets/framework.dart:5747:16)
#933    Element.rebuild (package:flutter/src/widgets/framework.dart:5435:7)
#934    ProxyElement.update (package:flutter/src/widgets/framework.dart:6051:5)
#935    Element.updateChild (package:flutter/src/widgets/framework.dart:3982:15)
#936    _RawViewElement._updateChild (package:flutter/src/widgets/view.dart:481:16)
#937    _RawViewElement.update (package:flutter/src/widgets/view.dart:568:5)
#938    Element.updateChild (package:flutter/src/widgets/framework.dart:3982:15)
#939    ComponentElement.performRebuild (package:flutter/src/widgets/framework.dart:5747:16)
#940    Element.rebuild (package:flutter/src/widgets/framework.dart:5435:7)
#941    StatelessElement.update (package:flutter/src/widgets/framework.dart:5797:5)
#942    Element.updateChild (package:flutter/src/widgets/framework.dart:3982:15)
#943    ComponentElement.performRebuild (package:flutter/src/widgets/framework.dart:5747:16)
#944    StatefulElement.performRebuild (package:flutter/src/widgets/framework.dart:5884:11)
#945    Element.rebuild (package:flutter/src/widgets/framework.dart:5435:7)
#946    StatefulElement.update (package:flutter/src/widgets/framework.dart:5909:5)
#947    Element.updateChild (package:flutter/src/widgets/framework.dart:3982:15)
#948    RootElement._rebuild (package:flutter/src/widgets/binding.dart:1716:16)
#949    RootElement.update (package:flutter/src/widgets/binding.dart:1694:5)
#950    RootElement.performRebuild (package:flutter/src/widgets/binding.dart:1708:7)
#951    Element.rebuild (package:flutter/src/widgets/framework.dart:5435:7)
#952    BuildScope._tryRebuild (package:flutter/src/widgets/framework.dart:2695:15)
#953    BuildScope._flushDirtyElements (package:flutter/src/widgets/framework.dart:2752:11)
#954    BuildOwner.buildScope (package:flutter/src/widgets/framework.dart:3056:18)
#955    AutomatedTestWidgetsFlutterBinding.drawFrame (package:flutter_test/src/binding.dart:1506:19)
#956    RendererBinding._handlePersistentFrameCallback (package:flutter/src/rendering/binding.dart:495:5)
#957    SchedulerBinding._invokeFrameCallback (package:flutter/src/scheduler/binding.dart:1434:15)
#958    SchedulerBinding.handleDrawFrame (package:flutter/src/scheduler/binding.dart:1347:9)
#959    AutomatedTestWidgetsFlutterBinding.pump.<anonymous closure> (package:flutter_test/src/binding.dart:1335:9)
#962    TestAsyncUtils.guard (package:flutter_test/src/test_async_utils.dart:74:41)
#963    AutomatedTestWidgetsFlutterBinding.pump (package:flutter_test/src/binding.dart:1324:27)
#964    WidgetTester.pumpWidget.<anonymous closure> (package:flutter_test/src/widget_tester.dart:598:22)
#967    TestAsyncUtils.guard (package:flutter_test/src/test_async_utils.dart:74:41)
#968    WidgetTester.pumpWidget (package:flutter_test/src/widget_tester.dart:595:27)
#969    main.<anonymous closure> (file:///Users/sabyrhandarhan/develop/Python%20projects/ArchSet-R2/test/diary_page_repro_test.dart:207:18)
#970    testWidgets.<anonymous closure>.<anonymous closure> (package:flutter_test/src/widget_tester.dart:192:29)
<asynchronous suspension>
#971    TestWidgetsFlutterBinding._runTestBody (package:flutter_test/src/binding.dart:1059:5)
<asynchronous suspension>
<asynchronous suspension>
(elided 5 frames from dart:async and package:stack_trace)

════════════════════════════════════════════════════════════════════════════════════════════════════
══╡ EXCEPTION CAUGHT BY WIDGETS LIBRARY ╞═══════════════════════════════════════════════════════════
The following MissingFlutterQuillLocalizationException was thrown building
QuillToolbarToggleStyleButton(dirty, dependencies: [_LocalizationsScope-[GlobalKey#faf77]], state:
QuillToolbarToggleStyleButtonState#763fc):
UnimplementedError: FlutterQuillLocalizations instance is required and could not found.
Add the delegate `FlutterQuillLocalizations.delegate` to your widget app (e.g., MaterialApp) to fix.
If the issue continues, consider reporting a bug.
See https://github.com/singerdmx/flutter-quill/blob/master/doc/translation.md

The relevant error-causing widget was:
  QuillToolbarToggleStyleButton
  QuillToolbarToggleStyleButton:file:///Users/sabyrhandarhan/.pub-cache/hosted/pub.dev/flutter_quill-11.5.0/lib/src/toolbar/simple_toolbar.dart:250:13

When the exception was thrown, this was the stack:
#0      LocalizationsExt.loc (package:flutter_quill/src/l10n/extensions/localizations_ext.dart:21:10)
#1      QuillToolbarToggleStyleButtonState._defaultTooltipAndIconData (package:flutter_quill/src/toolbar/buttons/toggle_style_button.dart:78:25)
#2      QuillToolbarToggleStyleButtonState.defaultTooltip (package:flutter_quill/src/toolbar/buttons/toggle_style_button.dart:97:32)
#3      QuillToolbarCommonButtonState.tooltip (package:flutter_quill/src/toolbar/base_button/base_value_button.dart:40:53)
#4      QuillToolbarToggleStyleButtonState.build (package:flutter_quill/src/toolbar/buttons/toggle_style_button.dart:122:16)
#5      StatefulElement.build (package:flutter/src/widgets/framework.dart:5833:27)
#6      ComponentElement.performRebuild (package:flutter/src/widgets/framework.dart:5723:15)
#7      StatefulElement.performRebuild (package:flutter/src/widgets/framework.dart:5884:11)
#8      Element.rebuild (package:flutter/src/widgets/framework.dart:5435:7)
#9      ComponentElement._firstBuild (package:flutter/src/widgets/framework.dart:5705:5)
#10     StatefulElement._firstBuild (package:flutter/src/widgets/framework.dart:5875:11)
#11     ComponentElement.mount (package:flutter/src/widgets/framework.dart:5699:5)
#12     Element.inflateWidget (package:flutter/src/widgets/framework.dart:4548:16)
#13     MultiChildRenderObjectElement.inflateWidget (package:flutter/src/widgets/framework.dart:7169:36)
#14     MultiChildRenderObjectElement.mount (package:flutter/src/widgets/framework.dart:7185:32)
...     Normal element mounting (13 frames)
#27     Element.inflateWidget (package:flutter/src/widgets/framework.dart:4548:16)
#28     MultiChildRenderObjectElement.inflateWidget (package:flutter/src/widgets/framework.dart:7169:36)
#29     MultiChildRenderObjectElement.mount (package:flutter/src/widgets/framework.dart:7185:32)
...     Normal element mounting (40 frames)
#69     Element.inflateWidget (package:flutter/src/widgets/framework.dart:4548:16)
#70     MultiChildRenderObjectElement.inflateWidget (package:flutter/src/widgets/framework.dart:7169:36)
#71     MultiChildRenderObjectElement.mount (package:flutter/src/widgets/framework.dart:7185:32)
...     Normal element mounting (340 frames)
#411    Element.inflateWidget (package:flutter/src/widgets/framework.dart:4548:16)
#412    MultiChildRenderObjectElement.inflateWidget (package:flutter/src/widgets/framework.dart:7169:36)
#413    MultiChildRenderObjectElement.mount (package:flutter/src/widgets/framework.dart:7185:32)
...     Normal element mounting (471 frames)
#884    _UncontrolledProviderScopeElement.mount (package:flutter_riverpod/src/framework.dart:315:11)
...     Normal element mounting (9 frames)
#893    Element.inflateWidget (package:flutter/src/widgets/framework.dart:4548:16)
#894    Element.updateChild (package:flutter/src/widgets/framework.dart:3998:20)
#895    ComponentElement.performRebuild (package:flutter/src/widgets/framework.dart:5747:16)
#896    Element.rebuild (package:flutter/src/widgets/framework.dart:5435:7)
#897    ProxyElement.update (package:flutter/src/widgets/framework.dart:6051:5)
#898    _InheritedNotifierElement.update (package:flutter/src/widgets/inherited_notifier.dart:108:11)
#899    Element.updateChild (package:flutter/src/widgets/framework.dart:3982:15)
#900    ComponentElement.performRebuild (package:flutter/src/widgets/framework.dart:5747:16)
#901    StatefulElement.performRebuild (package:flutter/src/widgets/framework.dart:5884:11)
#902    Element.rebuild (package:flutter/src/widgets/framework.dart:5435:7)
#903    StatefulElement.update (package:flutter/src/widgets/framework.dart:5909:5)
#904    Element.updateChild (package:flutter/src/widgets/framework.dart:3982:15)
#905    ComponentElement.performRebuild (package:flutter/src/widgets/framework.dart:5747:16)
#906    Element.rebuild (package:flutter/src/widgets/framework.dart:5435:7)
#907    ProxyElement.update (package:flutter/src/widgets/framework.dart:6051:5)
#908    _InheritedNotifierElement.update (package:flutter/src/widgets/inherited_notifier.dart:108:11)
#909    Element.updateChild (package:flutter/src/widgets/framework.dart:3982:15)
#910    ComponentElement.performRebuild (package:flutter/src/widgets/framework.dart:5747:16)
#911    StatefulElement.performRebuild (package:flutter/src/widgets/framework.dart:5884:11)
#912    Element.rebuild (package:flutter/src/widgets/framework.dart:5435:7)
#913    StatefulElement.update (package:flutter/src/widgets/framework.dart:5909:5)
#914    Element.updateChild (package:flutter/src/widgets/framework.dart:3982:15)
#915    ComponentElement.performRebuild (package:flutter/src/widgets/framework.dart:5747:16)
#916    StatefulElement.performRebuild (package:flutter/src/widgets/framework.dart:5884:11)
#917    Element.rebuild (package:flutter/src/widgets/framework.dart:5435:7)
#918    StatefulElement.update (package:flutter/src/widgets/framework.dart:5909:5)
#919    Element.updateChild (package:flutter/src/widgets/framework.dart:3982:15)
#920    ComponentElement.performRebuild (package:flutter/src/widgets/framework.dart:5747:16)
#921    Element.rebuild (package:flutter/src/widgets/framework.dart:5435:7)
#922    ProxyElement.update (package:flutter/src/widgets/framework.dart:6051:5)
#923    Element.updateChild (package:flutter/src/widgets/framework.dart:3982:15)
#924    ComponentElement.performRebuild (package:flutter/src/widgets/framework.dart:5747:16)
#925    StatefulElement.performRebuild (package:flutter/src/widgets/framework.dart:5884:11)
#926    Element.rebuild (package:flutter/src/widgets/framework.dart:5435:7)
#927    StatefulElement.update (package:flutter/src/widgets/framework.dart:5909:5)
#928    Element.updateChild (package:flutter/src/widgets/framework.dart:3982:15)
#929    ComponentElement.performRebuild (package:flutter/src/widgets/framework.dart:5747:16)
#930    Element.rebuild (package:flutter/src/widgets/framework.dart:5435:7)
#931    ProxyElement.update (package:flutter/src/widgets/framework.dart:6051:5)
#932    Element.updateChild (package:flutter/src/widgets/framework.dart:3982:15)
#933    ComponentElement.performRebuild (package:flutter/src/widgets/framework.dart:5747:16)
#934    Element.rebuild (package:flutter/src/widgets/framework.dart:5435:7)
#935    ProxyElement.update (package:flutter/src/widgets/framework.dart:6051:5)
#936    Element.updateChild (package:flutter/src/widgets/framework.dart:3982:15)
#937    _RawViewElement._updateChild (package:flutter/src/widgets/view.dart:481:16)
#938    _RawViewElement.update (package:flutter/src/widgets/view.dart:568:5)
#939    Element.updateChild (package:flutter/src/widgets/framework.dart:3982:15)
#940    ComponentElement.performRebuild (package:flutter/src/widgets/framework.dart:5747:16)
#941    Element.rebuild (package:flutter/src/widgets/framework.dart:5435:7)
#942    StatelessElement.update (package:flutter/src/widgets/framework.dart:5797:5)
#943    Element.updateChild (package:flutter/src/widgets/framework.dart:3982:15)
#944    ComponentElement.performRebuild (package:flutter/src/widgets/framework.dart:5747:16)
#945    StatefulElement.performRebuild (package:flutter/src/widgets/framework.dart:5884:11)
#946    Element.rebuild (package:flutter/src/widgets/framework.dart:5435:7)
#947    StatefulElement.update (package:flutter/src/widgets/framework.dart:5909:5)
#948    Element.updateChild (package:flutter/src/widgets/framework.dart:3982:15)
#949    RootElement._rebuild (package:flutter/src/widgets/binding.dart:1716:16)
#950    RootElement.update (package:flutter/src/widgets/binding.dart:1694:5)
#951    RootElement.performRebuild (package:flutter/src/widgets/binding.dart:1708:7)
#952    Element.rebuild (package:flutter/src/widgets/framework.dart:5435:7)
#953    BuildScope._tryRebuild (package:flutter/src/widgets/framework.dart:2695:15)
#954    BuildScope._flushDirtyElements (package:flutter/src/widgets/framework.dart:2752:11)
#955    BuildOwner.buildScope (package:flutter/src/widgets/framework.dart:3056:18)
#956    AutomatedTestWidgetsFlutterBinding.drawFrame (package:flutter_test/src/binding.dart:1506:19)
#957    RendererBinding._handlePersistentFrameCallback (package:flutter/src/rendering/binding.dart:495:5)
#958    SchedulerBinding._invokeFrameCallback (package:flutter/src/scheduler/binding.dart:1434:15)
#959    SchedulerBinding.handleDrawFrame (package:flutter/src/scheduler/binding.dart:1347:9)
#960    AutomatedTestWidgetsFlutterBinding.pump.<anonymous closure> (package:flutter_test/src/binding.dart:1335:9)
#963    TestAsyncUtils.guard (package:flutter_test/src/test_async_utils.dart:74:41)
#964    AutomatedTestWidgetsFlutterBinding.pump (package:flutter_test/src/binding.dart:1324:27)
#965    WidgetTester.pumpWidget.<anonymous closure> (package:flutter_test/src/widget_tester.dart:598:22)
#968    TestAsyncUtils.guard (package:flutter_test/src/test_async_utils.dart:74:41)
#969    WidgetTester.pumpWidget (package:flutter_test/src/widget_tester.dart:595:27)
#970    main.<anonymous closure> (file:///Users/sabyrhandarhan/develop/Python%20projects/ArchSet-R2/test/diary_page_repro_test.dart:207:18)
#971    testWidgets.<anonymous closure>.<anonymous closure> (package:flutter_test/src/widget_tester.dart:192:29)
<asynchronous suspension>
#972    TestWidgetsFlutterBinding._runTestBody (package:flutter_test/src/binding.dart:1059:5)
<asynchronous suspension>
<asynchronous suspension>
(elided 5 frames from dart:async and package:stack_trace)

════════════════════════════════════════════════════════════════════════════════════════════════════
══╡ EXCEPTION CAUGHT BY WIDGETS LIBRARY ╞═══════════════════════════════════════════════════════════
The following MissingFlutterQuillLocalizationException was thrown building
QuillToolbarLinkStyleButton(dirty, dependencies: [_LocalizationsScope-[GlobalKey#faf77]], state:
QuillToolbarLinkStyleButtonState#55aef):
UnimplementedError: FlutterQuillLocalizations instance is required and could not found.
Add the delegate `FlutterQuillLocalizations.delegate` to your widget app (e.g., MaterialApp) to fix.
If the issue continues, consider reporting a bug.
See https://github.com/singerdmx/flutter-quill/blob/master/doc/translation.md

The relevant error-causing widget was:
  QuillToolbarLinkStyleButton
  QuillToolbarLinkStyleButton:file:///Users/sabyrhandarhan/.pub-cache/hosted/pub.dev/flutter_quill-11.5.0/lib/src/toolbar/simple_toolbar.dart:274:19

When the exception was thrown, this was the stack:
#0      LocalizationsExt.loc (package:flutter_quill/src/l10n/extensions/localizations_ext.dart:21:10)
#1      QuillToolbarLinkStyleButtonState.defaultTooltip (package:flutter_quill/src/toolbar/buttons/link_style/link_style_button.dart:39:40)
#2      QuillToolbarCommonButtonState.tooltip (package:flutter_quill/src/toolbar/base_button/base_value_button.dart:40:53)
#3      QuillToolbarLinkStyleButtonState.build (package:flutter_quill/src/toolbar/buttons/link_style/link_style_button.dart:88:16)
#4      StatefulElement.build (package:flutter/src/widgets/framework.dart:5833:27)
#5      ComponentElement.performRebuild (package:flutter/src/widgets/framework.dart:5723:15)
#6      StatefulElement.performRebuild (package:flutter/src/widgets/framework.dart:5884:11)
#7      Element.rebuild (package:flutter/src/widgets/framework.dart:5435:7)
#8      ComponentElement._firstBuild (package:flutter/src/widgets/framework.dart:5705:5)
#9      StatefulElement._firstBuild (package:flutter/src/widgets/framework.dart:5875:11)
#10     ComponentElement.mount (package:flutter/src/widgets/framework.dart:5699:5)
#11     Element.inflateWidget (package:flutter/src/widgets/framework.dart:4548:16)
#12     MultiChildRenderObjectElement.inflateWidget (package:flutter/src/widgets/framework.dart:7169:36)
#13     MultiChildRenderObjectElement.mount (package:flutter/src/widgets/framework.dart:7185:32)
...     Normal element mounting (13 frames)
#26     Element.inflateWidget (package:flutter/src/widgets/framework.dart:4548:16)
#27     MultiChildRenderObjectElement.inflateWidget (package:flutter/src/widgets/framework.dart:7169:36)
#28     MultiChildRenderObjectElement.mount (package:flutter/src/widgets/framework.dart:7185:32)
...     Normal element mounting (40 frames)
#68     Element.inflateWidget (package:flutter/src/widgets/framework.dart:4548:16)
#69     MultiChildRenderObjectElement.inflateWidget (package:flutter/src/widgets/framework.dart:7169:36)
#70     MultiChildRenderObjectElement.mount (package:flutter/src/widgets/framework.dart:7185:32)
...     Normal element mounting (340 frames)
#410    Element.inflateWidget (package:flutter/src/widgets/framework.dart:4548:16)
#411    MultiChildRenderObjectElement.inflateWidget (package:flutter/src/widgets/framework.dart:7169:36)
#412    MultiChildRenderObjectElement.mount (package:flutter/src/widgets/framework.dart:7185:32)
...     Normal element mounting (471 frames)
#883    _UncontrolledProviderScopeElement.mount (package:flutter_riverpod/src/framework.dart:315:11)
...     Normal element mounting (9 frames)
#892    Element.inflateWidget (package:flutter/src/widgets/framework.dart:4548:16)
#893    Element.updateChild (package:flutter/src/widgets/framework.dart:3998:20)
#894    ComponentElement.performRebuild (package:flutter/src/widgets/framework.dart:5747:16)
#895    Element.rebuild (package:flutter/src/widgets/framework.dart:5435:7)
#896    ProxyElement.update (package:flutter/src/widgets/framework.dart:6051:5)
#897    _InheritedNotifierElement.update (package:flutter/src/widgets/inherited_notifier.dart:108:11)
#898    Element.updateChild (package:flutter/src/widgets/framework.dart:3982:15)
#899    ComponentElement.performRebuild (package:flutter/src/widgets/framework.dart:5747:16)
#900    StatefulElement.performRebuild (package:flutter/src/widgets/framework.dart:5884:11)
#901    Element.rebuild (package:flutter/src/widgets/framework.dart:5435:7)
#902    StatefulElement.update (package:flutter/src/widgets/framework.dart:5909:5)
#903    Element.updateChild (package:flutter/src/widgets/framework.dart:3982:15)
#904    ComponentElement.performRebuild (package:flutter/src/widgets/framework.dart:5747:16)
#905    Element.rebuild (package:flutter/src/widgets/framework.dart:5435:7)
#906    ProxyElement.update (package:flutter/src/widgets/framework.dart:6051:5)
#907    _InheritedNotifierElement.update (package:flutter/src/widgets/inherited_notifier.dart:108:11)
#908    Element.updateChild (package:flutter/src/widgets/framework.dart:3982:15)
#909    ComponentElement.performRebuild (package:flutter/src/widgets/framework.dart:5747:16)
#910    StatefulElement.performRebuild (package:flutter/src/widgets/framework.dart:5884:11)
#911    Element.rebuild (package:flutter/src/widgets/framework.dart:5435:7)
#912    StatefulElement.update (package:flutter/src/widgets/framework.dart:5909:5)
#913    Element.updateChild (package:flutter/src/widgets/framework.dart:3982:15)
#914    ComponentElement.performRebuild (package:flutter/src/widgets/framework.dart:5747:16)
#915    StatefulElement.performRebuild (package:flutter/src/widgets/framework.dart:5884:11)
#916    Element.rebuild (package:flutter/src/widgets/framework.dart:5435:7)
#917    StatefulElement.update (package:flutter/src/widgets/framework.dart:5909:5)
#918    Element.updateChild (package:flutter/src/widgets/framework.dart:3982:15)
#919    ComponentElement.performRebuild (package:flutter/src/widgets/framework.dart:5747:16)
#920    Element.rebuild (package:flutter/src/widgets/framework.dart:5435:7)
#921    ProxyElement.update (package:flutter/src/widgets/framework.dart:6051:5)
#922    Element.updateChild (package:flutter/src/widgets/framework.dart:3982:15)
#923    ComponentElement.performRebuild (package:flutter/src/widgets/framework.dart:5747:16)
#924    StatefulElement.performRebuild (package:flutter/src/widgets/framework.dart:5884:11)
#925    Element.rebuild (package:flutter/src/widgets/framework.dart:5435:7)
#926    StatefulElement.update (package:flutter/src/widgets/framework.dart:5909:5)
#927    Element.updateChild (package:flutter/src/widgets/framework.dart:3982:15)
#928    ComponentElement.performRebuild (package:flutter/src/widgets/framework.dart:5747:16)
#929    Element.rebuild (package:flutter/src/widgets/framework.dart:5435:7)
#930    ProxyElement.update (package:flutter/src/widgets/framework.dart:6051:5)
#931    Element.updateChild (package:flutter/src/widgets/framework.dart:3982:15)
#932    ComponentElement.performRebuild (package:flutter/src/widgets/framework.dart:5747:16)
#933    Element.rebuild (package:flutter/src/widgets/framework.dart:5435:7)
#934    ProxyElement.update (package:flutter/src/widgets/framework.dart:6051:5)
#935    Element.updateChild (package:flutter/src/widgets/framework.dart:3982:15)
#936    _RawViewElement._updateChild (package:flutter/src/widgets/view.dart:481:16)
#937    _RawViewElement.update (package:flutter/src/widgets/view.dart:568:5)
#938    Element.updateChild (package:flutter/src/widgets/framework.dart:3982:15)
#939    ComponentElement.performRebuild (package:flutter/src/widgets/framework.dart:5747:16)
#940    Element.rebuild (package:flutter/src/widgets/framework.dart:5435:7)
#941    StatelessElement.update (package:flutter/src/widgets/framework.dart:5797:5)
#942    Element.updateChild (package:flutter/src/widgets/framework.dart:3982:15)
#943    ComponentElement.performRebuild (package:flutter/src/widgets/framework.dart:5747:16)
#944    StatefulElement.performRebuild (package:flutter/src/widgets/framework.dart:5884:11)
#945    Element.rebuild (package:flutter/src/widgets/framework.dart:5435:7)
#946    StatefulElement.update (package:flutter/src/widgets/framework.dart:5909:5)
#947    Element.updateChild (package:flutter/src/widgets/framework.dart:3982:15)
#948    RootElement._rebuild (package:flutter/src/widgets/binding.dart:1716:16)
#949    RootElement.update (package:flutter/src/widgets/binding.dart:1694:5)
#950    RootElement.performRebuild (package:flutter/src/widgets/binding.dart:1708:7)
#951    Element.rebuild (package:flutter/src/widgets/framework.dart:5435:7)
#952    BuildScope._tryRebuild (package:flutter/src/widgets/framework.dart:2695:15)
#953    BuildScope._flushDirtyElements (package:flutter/src/widgets/framework.dart:2752:11)
#954    BuildOwner.buildScope (package:flutter/src/widgets/framework.dart:3056:18)
#955    AutomatedTestWidgetsFlutterBinding.drawFrame (package:flutter_test/src/binding.dart:1506:19)
#956    RendererBinding._handlePersistentFrameCallback (package:flutter/src/rendering/binding.dart:495:5)
#957    SchedulerBinding._invokeFrameCallback (package:flutter/src/scheduler/binding.dart:1434:15)
#958    SchedulerBinding.handleDrawFrame (package:flutter/src/scheduler/binding.dart:1347:9)
#959    AutomatedTestWidgetsFlutterBinding.pump.<anonymous closure> (package:flutter_test/src/binding.dart:1335:9)
#962    TestAsyncUtils.guard (package:flutter_test/src/test_async_utils.dart:74:41)
#963    AutomatedTestWidgetsFlutterBinding.pump (package:flutter_test/src/binding.dart:1324:27)
#964    WidgetTester.pumpWidget.<anonymous closure> (package:flutter_test/src/widget_tester.dart:598:22)
#967    TestAsyncUtils.guard (package:flutter_test/src/test_async_utils.dart:74:41)
#968    WidgetTester.pumpWidget (package:flutter_test/src/widget_tester.dart:595:27)
#969    main.<anonymous closure> (file:///Users/sabyrhandarhan/develop/Python%20projects/ArchSet-R2/test/diary_page_repro_test.dart:207:18)
#970    testWidgets.<anonymous closure>.<anonymous closure> (package:flutter_test/src/widget_tester.dart:192:29)
<asynchronous suspension>
#971    TestWidgetsFlutterBinding._runTestBody (package:flutter_test/src/binding.dart:1059:5)
<asynchronous suspension>
<asynchronous suspension>
(elided 5 frames from dart:async and package:stack_trace)

════════════════════════════════════════════════════════════════════════════════════════════════════
══╡ EXCEPTION CAUGHT BY RENDERING LIBRARY ╞═════════════════════════════════════════════════════════
The following assertion was thrown during layout:
A RenderFlex overflowed by 1099745 pixels on the bottom.

The relevant error-causing widget was:
  Column
  Column:file:///Users/sabyrhandarhan/develop/Python%20projects/ArchSet-R2/lib/diary_edit_page.dart:812:16

The overflowing RenderFlex has an orientation of Axis.vertical.
The edge of the RenderFlex that is overflowing has been marked in the rendering with a yellow and
black striped pattern. This is usually caused by the contents being too big for the RenderFlex.
Consider applying a flex factor (e.g. using an Expanded widget) to force the children of the
RenderFlex to fit within the available space instead of being sized to their natural size.
This is considered an error condition because it indicates that there is content that cannot be
seen. If the content is legitimately bigger than the available space, consider clipping it with a
ClipRect widget before putting it in the flex, or using a scrollable container rather than a Flex,
like a ListView.
The specific RenderFlex in question is: RenderFlex#c368a relayoutBoundary=up2 OVERFLOWING:
  needs compositing
  creator: Column ← MediaQuery ← Padding ← SafeArea ← KeyedSubtree-[GlobalKey#90d82] ← _BodyBuilder ←
    MediaQuery ← LayoutId-[<_ScaffoldSlot.body>] ← CustomMultiChildLayout ← _ActionsScope ← Actions ←
    AnimatedBuilder ← ⋯
  parentData: offset=Offset(0.0, 0.0) (can use size)
  constraints: BoxConstraints(0.0<=w<=800.0, 0.0<=h<=600.0)
  size: Size(800.0, 600.0)
  direction: vertical
  mainAxisAlignment: start
  mainAxisSize: max
  crossAxisAlignment: center
  verticalDirection: down
  spacing: 0.0
◢◤◢◤◢◤◢◤◢◤◢◤◢◤◢◤◢◤◢◤◢◤◢◤◢◤◢◤◢◤◢◤◢◤◢◤◢◤◢◤◢◤◢◤◢◤◢◤◢◤◢◤◢◤◢◤◢◤◢◤◢◤◢◤◢◤◢◤◢◤◢◤◢◤◢◤◢◤◢◤◢◤◢◤◢◤◢◤◢◤◢◤◢◤◢◤◢◤◢◤
════════════════════════════════════════════════════════════════════════════════════════════════════
══╡ EXCEPTION CAUGHT BY FLUTTER TEST FRAMEWORK ╞════════════════════════════════════════════════════
The following message was thrown:
Multiple exceptions (12) were detected during the running of the current test, and at least one was
unexpected.
════════════════════════════════════════════════════════════════════════════════════════════════════
00:04 +0 -1: DiaryEditPage handles Empty Image Path [E]                                                                                                                                                
  Test failed. See exception logs above.
  The test description was: DiaryEditPage handles Empty Image Path
  

To run this test again: /Users/sabyrhandarhan/develop/flutter/bin/cache/dart-sdk/bin/dart test /Users/sabyrhandarhan/develop/Python projects/ArchSet-R2/test/diary_page_repro_test.dart -p vm --plain-name 'DiaryEditPage handles Empty Image Path'
00:04 +0 -1: Some tests failed.                                                                                                                                                                        
